Archive member included to satisfy reference by file (symbol)

C:/PROGRA~2/ARMGNU~1/14EFD8~1.2RE/bin/../lib/gcc/arm-none-eabi/14.2.1/thumb/v6-m/nofp\libgcc.a(_dvmd_tls.o)
                              CMakeFiles/vibestick_rp2040.dir/C_/Users/ROG/pico-sdk/src/rp2_common/pico_divider/divider_hardware.S.obj (__aeabi_idiv0)
C:/PROGRA~2/ARMGNU~1/14EFD8~1.2RE/bin/../lib/gcc/arm-none-eabi/14.2.1/thumb/v6-m/nofp\libg.a(libc_a-calloc.o)
                              CMakeFiles/vibestick_rp2040.dir/C_/Users/ROG/pico-sdk/src/rp2_common/pico_malloc/malloc.c.obj (calloc)
C:/PROGRA~2/ARMGNU~1/14EFD8~1.2RE/bin/../lib/gcc/arm-none-eabi/14.2.1/thumb/v6-m/nofp\libg.a(libc_a-callocr.o)
                              C:/PROGRA~2/ARMGNU~1/14EFD8~1.2RE/bin/../lib/gcc/arm-none-eabi/14.2.1/thumb/v6-m/nofp\libg.a(libc_a-calloc.o) (_calloc_r)
C:/PROGRA~2/ARMGNU~1/14EFD8~1.2RE/bin/../lib/gcc/arm-none-eabi/14.2.1/thumb/v6-m/nofp\libg.a(libc_a-malloc.o)
                              CMakeFiles/vibestick_rp2040.dir/C_/Users/ROG/pico-sdk/src/rp2_common/pico_malloc/malloc.c.obj (malloc)
C:/PROGRA~2/ARMGNU~1/14EFD8~1.2RE/bin/../lib/gcc/arm-none-eabi/14.2.1/thumb/v6-m/nofp\libg.a(libc_a-mallocr.o)
                              C:/PROGRA~2/ARMGNU~1/14EFD8~1.2RE/bin/../lib/gcc/arm-none-eabi/14.2.1/thumb/v6-m/nofp\libg.a(libc_a-callocr.o) (_malloc_r)
C:/PROGRA~2/ARMGNU~1/14EFD8~1.2RE/bin/../lib/gcc/arm-none-eabi/14.2.1/thumb/v6-m/nofp\libg.a(libc_a-mlock.o)
                              C:/PROGRA~2/ARMGNU~1/14EFD8~1.2RE/bin/../lib/gcc/arm-none-eabi/14.2.1/thumb/v6-m/nofp\libg.a(libc_a-mallocr.o) (__malloc_lock)
C:/PROGRA~2/ARMGNU~1/14EFD8~1.2RE/bin/../lib/gcc/arm-none-eabi/14.2.1/thumb/v6-m/nofp\libg.a(libc_a-realloc.o)
                              CMakeFiles/vibestick_rp2040.dir/C_/Users/ROG/pico-sdk/src/rp2_common/pico_malloc/malloc.c.obj (realloc)
C:/PROGRA~2/ARMGNU~1/14EFD8~1.2RE/bin/../lib/gcc/arm-none-eabi/14.2.1/thumb/v6-m/nofp\libg.a(libc_a-reallocr.o)
                              C:/PROGRA~2/ARMGNU~1/14EFD8~1.2RE/bin/../lib/gcc/arm-none-eabi/14.2.1/thumb/v6-m/nofp\libg.a(libc_a-realloc.o) (_realloc_r)
C:/PROGRA~2/ARMGNU~1/14EFD8~1.2RE/bin/../lib/gcc/arm-none-eabi/14.2.1/thumb/v6-m/nofp\libg.a(libc_a-memcmp.o)
                              CMakeFiles/vibestick_rp2040.dir/C_/Users/ROG/pico-sdk/src/rp2_common/pico_atomic/atomic.c.obj (memcmp)
C:/PROGRA~2/ARMGNU~1/14EFD8~1.2RE/bin/../lib/gcc/arm-none-eabi/14.2.1/thumb/v6-m/nofp\libg.a(libc_a-memmove.o)
                              C:/PROGRA~2/ARMGNU~1/14EFD8~1.2RE/bin/../lib/gcc/arm-none-eabi/14.2.1/thumb/v6-m/nofp\libg.a(libc_a-reallocr.o) (memmove)
C:/PROGRA~2/ARMGNU~1/14EFD8~1.2RE/bin/../lib/gcc/arm-none-eabi/14.2.1/thumb/v6-m/nofp\libg.a(libc_a-lcltime_r.o)
                              CMakeFiles/vibestick_rp2040.dir/C_/Users/ROG/pico-sdk/src/common/pico_util/datetime.c.obj (localtime_r)
C:/PROGRA~2/ARMGNU~1/14EFD8~1.2RE/bin/../lib/gcc/arm-none-eabi/14.2.1/thumb/v6-m/nofp\libg.a(libc_a-mktime.o)
                              CMakeFiles/vibestick_rp2040.dir/C_/Users/ROG/pico-sdk/src/common/pico_util/datetime.c.obj (mktime)
C:/PROGRA~2/ARMGNU~1/14EFD8~1.2RE/bin/../lib/gcc/arm-none-eabi/14.2.1/thumb/v6-m/nofp\libg.a(libc_a-month_lengths.o)
                              C:/PROGRA~2/ARMGNU~1/14EFD8~1.2RE/bin/../lib/gcc/arm-none-eabi/14.2.1/thumb/v6-m/nofp\libg.a(libc_a-lcltime_r.o) (__month_lengths)
C:/PROGRA~2/ARMGNU~1/14EFD8~1.2RE/bin/../lib/gcc/arm-none-eabi/14.2.1/thumb/v6-m/nofp\libg.a(libc_a-tzcalc_limits.o)
                              C:/PROGRA~2/ARMGNU~1/14EFD8~1.2RE/bin/../lib/gcc/arm-none-eabi/14.2.1/thumb/v6-m/nofp\libg.a(libc_a-lcltime_r.o) (__tzcalc_limits)
C:/PROGRA~2/ARMGNU~1/14EFD8~1.2RE/bin/../lib/gcc/arm-none-eabi/14.2.1/thumb/v6-m/nofp\libg.a(libc_a-tzlock.o)
                              C:/PROGRA~2/ARMGNU~1/14EFD8~1.2RE/bin/../lib/gcc/arm-none-eabi/14.2.1/thumb/v6-m/nofp\libg.a(libc_a-lcltime_r.o) (__tz_lock)
C:/PROGRA~2/ARMGNU~1/14EFD8~1.2RE/bin/../lib/gcc/arm-none-eabi/14.2.1/thumb/v6-m/nofp\libg.a(libc_a-tzset.o)
                              C:/PROGRA~2/ARMGNU~1/14EFD8~1.2RE/bin/../lib/gcc/arm-none-eabi/14.2.1/thumb/v6-m/nofp\libg.a(libc_a-lcltime_r.o) (_tzset_unlocked)
C:/PROGRA~2/ARMGNU~1/14EFD8~1.2RE/bin/../lib/gcc/arm-none-eabi/14.2.1/thumb/v6-m/nofp\libg.a(libc_a-tzset_r.o)
                              C:/PROGRA~2/ARMGNU~1/14EFD8~1.2RE/bin/../lib/gcc/arm-none-eabi/14.2.1/thumb/v6-m/nofp\libg.a(libc_a-tzset.o) (_tzset_unlocked_r)
C:/PROGRA~2/ARMGNU~1/14EFD8~1.2RE/bin/../lib/gcc/arm-none-eabi/14.2.1/thumb/v6-m/nofp\libg.a(libc_a-tzvars.o)
                              C:/PROGRA~2/ARMGNU~1/14EFD8~1.2RE/bin/../lib/gcc/arm-none-eabi/14.2.1/thumb/v6-m/nofp\libg.a(libc_a-tzset_r.o) (_timezone)
C:/PROGRA~2/ARMGNU~1/14EFD8~1.2RE/bin/../lib/gcc/arm-none-eabi/14.2.1/thumb/v6-m/nofp\libg.a(libc_a-impure.o)
                              C:/PROGRA~2/ARMGNU~1/14EFD8~1.2RE/bin/../lib/gcc/arm-none-eabi/14.2.1/thumb/v6-m/nofp\libg.a(libc_a-calloc.o) (_impure_ptr)
[...]
Memory Configuration

Name             Origin             Length             Attributes
FLASH            0x10000000         0x00200000         xr
RAM              0x20000000         0x00040000         xrw
SCRATCH_X        0x20040000         0x00001000         xrw
SCRATCH_Y        0x20041000         0x00001000         xrw
*default*        0x00000000         0xffffffff

Linker script and memory map

LOAD C:/PROGRA~2/ARMGNU~1/14EFD8~1.2RE/bin/../lib/gcc/arm-none-eabi/14.2.1/thumb/v6-m/nofp/crti.o
LOAD C:/PROGRA~2/ARMGNU~1/14EFD8~1.2RE/bin/../lib/gcc/arm-none-eabi/14.2.1/thumb/v6-m/nofp/crtbegin.o
LOAD C:/PROGRA~2/ARMGNU~1/14EFD8~1.2RE/bin/../lib/gcc/arm-none-eabi/14.2.1/thumb/v6-m/nofp/crt0.o

.flash_begin    0x10000000        0x0
                0x10000000                        __flash_binary_start = .

.boot2          0x10000000      0x100
                0x10000000                        __boot2_start__ = .
 *(.boot2)
 .boot2         0x10000000      0x100 pico-sdk/src/rp2040/boot_stage2/CMakeFiles/bs2_default_library.dir/./bs2_default_padded_checksummed.S.obj
                0x10000100                        __boot2_end__ = .
                0x00000001                        ASSERT (((__boot2_end__ - __boot2_start__) == 0x100), ERROR: Pico second stage bootloader must be 256 bytes in size)

.text           0x10000100     0x3f74
                0x10000100                        __logical_binary_start = .
 *(.vectors)
 .vectors       0x10000100       0xd4 CMakeFiles/vibestick_rp2040.dir/C_/Users/ROG/pico-sdk/src/rp2_common/pico_crt0/crt0.S.obj
                0x10000100                __VECTOR_TABLE
                0x10000100                __vectors
                0x100001c0                isr_irq13
                0x100001c0                isr_irq27
                0x100001c0                isr_irq31
                0x100001c0                isr_irq12
                0x100001c0                isr_irq5
                0x100001c0                isr_irq11
                0x100001c0                isr_irq3
                0x100001c0                isr_irq23
                0x100001c0                __unhandled_user_irq
                0x100001c0                isr_irq26
                0x100001c0                isr_irq28
                0x100001c0                isr_irq19
                0x100001c0                isr_irq0
                0x100001c0                isr_irq6
                0x100001c0                isr_irq29
                0x100001c0                isr_irq16
                0x100001c0                isr_irq22
                0x100001c0                isr_irq18
                0x100001c0                isr_irq17
                0x100001c0                isr_irq14
                0x100001c0                __vectors_end
                0x100001c0                __default_isrs_start
                0x100001c0                isr_irq2
                0x100001c0                isr_irq10
                0x100001c0                isr_irq8
                0x100001c0                isr_irq24
                0x100001c0                isr_irq1
                0x100001c0                isr_irq7
                0x100001c0                isr_irq21
                0x100001c0                isr_irq20
                0x100001c0                isr_irq15
                0x100001c0                isr_irq25
                0x100001c0                isr_irq4
                0x100001c0                isr_irq30
                0x100001c0                isr_irq9
                0x100001c6                unhandled_user_irq_num_in_r0
                0x100001c8                isr_invalid
                0x100001ca                isr_nmi
                0x100001cc                isr_hardfault
                0x100001ce                isr_svcall
                0x100001d0                isr_pendsv
                0x100001d2                isr_systick
                0x100001d4                __default_isrs_end
 *(.binary_info_header)
 .binary_info_header
                0x100001d4       0x14 CMakeFiles/vibestick_rp2040.dir/C_/Users/ROG/pico-sdk/src/rp2_common/pico_crt0/crt0.S.obj
                0x100001e8                        __binary_info_header_end = .
 *(.embedded_block)
                0x100001e8                        __embedded_block_end = .
 *(.reset)
 .reset         0x100001e8       0x9c CMakeFiles/vibestick_rp2040.dir/C_/Users/ROG/pico-sdk/src/rp2_common/pico_crt0/crt0.S.obj
                0x100001e8                _entry_point
 *(.init)
 .init          0x10000284        0x4 C:/PROGRA~2/ARMGNU~1/14EFD8~1.2RE/bin/../lib/gcc/arm-none-eabi/14.2.1/thumb/v6-m/nofp/crti.o
                0x10000284                _init
 *(EXCLUDE_FILE(*libm.a: *libc.a:*lib_a-mem*.o *libgcc.a:) .text*)
 .text.register_tm_clones
                0x10000288       0x28 C:/PROGRA~2/ARMGNU~1/14EFD8~1.2RE/bin/../lib/gcc/arm-none-eabi/14.2.1/thumb/v6-m/nofp/crtbegin.o
 .text.frame_dummy
                0x100002b0       0x24 C:/PROGRA~2/ARMGNU~1/14EFD8~1.2RE/bin/../lib/gcc/arm-none-eabi/14.2.1/thumb/v6-m/nofp/crtbegin.o
 .text.startup.main
                0x100002d4       0x1c CMakeFiles/vibestick_rp2040.dir/src/main.c.obj
                0x100002d4                main
 .text.tud_mount_cb
                0x100002f0        0x4 CMakeFiles/vibestick_rp2040.dir/src/main.c.obj
                0x100002f0                tud_mount_cb
 .text.tud_umount_cb
                0x100002f4        0x4 CMakeFiles/vibestick_rp2040.dir/src/main.c.obj
                0x100002f4                tud_umount_cb
 .text.tud_suspend_cb
                0x100002f8        0x4 CMakeFiles/vibestick_rp2040.dir/src/main.c.obj
                0x100002f8                tud_suspend_cb
 .text.tud_resume_cb
                0x100002fc        0x4 CMakeFiles/vibestick_rp2040.dir/src/main.c.obj
                0x100002fc                tud_resume_cb
 .text.tud_descriptor_device_cb
                0x10000300        0x8 CMakeFiles/vibestick_rp2040.dir/src/usb_descriptors.c.obj
                0x10000300                tud_descriptor_device_cb
 .text.tud_descriptor_configuration_cb
                0x10000308        0x8 CMakeFiles/vibestick_rp2040.dir/src/usb_descriptors.c.obj
                0x10000308                tud_descriptor_configuration_cb
 .text.tud_descriptor_bos_cb
                0x10000310        0x8 CMakeFiles/vibestick_rp2040.dir/src/usb_descriptors.c.obj
                0x10000310                tud_descriptor_bos_cb
 .text.tud_descriptor_string_cb
                0x10000318       0x74 CMakeFiles/vibestick_rp2040.dir/src/usb_descriptors.c.obj
                0x10000318                tud_descriptor_string_cb
 .text.tud_vendor_control_xfer_cb
                0x1000038c       0x40 CMakeFiles/vibestick_rp2040.dir/src/usb_descriptors.c.obj
                0x1000038c                tud_vendor_control_xfer_cb
 .text.gpio_set_function
                0x100003cc       0x34 CMakeFiles/vibestick_rp2040.dir/C_/Users/ROG/pico-sdk/src/rp2_common/hardware_gpio/gpio.c.obj
                0x100003cc                gpio_set_function
 .text.gpio_init
                0x10000400       0x40 CMakeFiles/vibestick_rp2040.dir/C_/Users/ROG/pico-sdk/src/rp2_common/hardware_gpio/gpio.c.obj
                0x10000400                gpio_init
 .text.rp2040_chip_version
                0x10000440        0xc CMakeFiles/vibestick_rp2040.dir/C_/Users/ROG/pico-sdk/src/rp2040/pico_platform/platform.c.obj
                0x10000440                rp2040_chip_version
 .text.panic    0x1000044c       0x30 CMakeFiles/vibestick_rp2040.dir/C_/Users/ROG/pico-sdk/src/rp2_common/pico_platform_panic/panic.c.obj
                0x1000044c                panic
 .text.hw_claim_or_assert
                0x1000047c       0x44 CMakeFiles/vibestick_rp2040.dir/C_/Users/ROG/pico-sdk/src/common/hardware_claim/claim.c.obj
                0x1000047c                hw_claim_or_assert
 .text.hw_claim_unused_from_range
                0x100004c0       0x88 CMakeFiles/vibestick_rp2040.dir/C_/Users/ROG/pico-sdk/src/common/hardware_claim/claim.c.obj
                0x100004c0                hw_claim_unused_from_range
 .text.next_striped_spin_lock_num
                0x10000548       0x18 CMakeFiles/vibestick_rp2040.dir/C_/Users/ROG/pico-sdk/src/rp2_common/hardware_sync/sync.c.obj
                0x10000548                next_striped_spin_lock_num
 .text.spin_lock_claim_unused
                0x10000560       0x24 CMakeFiles/vibestick_rp2040.dir/C_/Users/ROG/pico-sdk/src/rp2_common/hardware_sync/sync.c.obj
                0x10000560                spin_lock_claim_unused
 .text.spin_locks_reset
                0x10000584       0x1c CMakeFiles/vibestick_rp2040.dir/C_/Users/ROG/pico-sdk/src/rp2_common/hardware_sync_spin_lock/sync_spin_lock.c.obj
                0x10000584                spin_locks_reset
 .text.runtime_init_per_core_irq_priorities
                0x100005a0       0x24 CMakeFiles/vibestick_rp2040.dir/C_/Users/ROG/pico-sdk/src/rp2_common/hardware_irq/irq.c.obj
                0x100005a0                runtime_init_per_core_irq_priorities
 .text.irq_set_enabled
                0x100005c4       0x24 CMakeFiles/vibestick_rp2040.dir/C_/Users/ROG/pico-sdk/src/rp2_common/hardware_irq/irq.c.obj
                0x100005c4                irq_set_enabled
 .text.irq_set_exclusive_handler
                0x100005e8       0x54 CMakeFiles/vibestick_rp2040.dir/C_/Users/ROG/pico-sdk/src/rp2_common/hardware_irq/irq.c.obj
                0x100005e8                irq_set_exclusive_handler
 .text.irq_add_shared_handler
                0x1000063c      0x1f4 CMakeFiles/vibestick_rp2040.dir/C_/Users/ROG/pico-sdk/src/rp2_common/hardware_irq/irq.c.obj
                0x1000063c                irq_add_shared_handler
 .text.irq_remove_handler
                0x10000830      0x1d4 CMakeFiles/vibestick_rp2040.dir/C_/Users/ROG/pico-sdk/src/rp2_common/hardware_irq/irq.c.obj
                0x10000830                irq_remove_handler
 .text.irq_add_tail_to_free_list
                0x10000a04       0xb4 CMakeFiles/vibestick_rp2040.dir/C_/Users/ROG/pico-sdk/src/rp2_common/hardware_irq/irq.c.obj
                0x10000a04                irq_add_tail_to_free_list
 .text.lock_init
                0x10000ab8       0x10 CMakeFiles/vibestick_rp2040.dir/C_/Users/ROG/pico-sdk/src/common/pico_sync/lock_core.c.obj
                0x10000ab8                lock_init
 .text.runtime_init_mutex
                0x10000ac8       0x50 CMakeFiles/vibestick_rp2040.dir/C_/Users/ROG/pico-sdk/src/common/pico_sync/mutex.c.obj
                0x10000ac8                runtime_init_mutex
 .text.mutex_init
                0x10000b18       0x1c CMakeFiles/vibestick_rp2040.dir/C_/Users/ROG/pico-sdk/src/common/pico_sync/mutex.c.obj
                0x10000b18                mutex_init
 .text.critical_section_init
                0x10000b34       0x1c CMakeFiles/vibestick_rp2040.dir/C_/Users/ROG/pico-sdk/src/common/pico_sync/critical_section.c.obj
                0x10000b34                critical_section_init
 .text.sleep_until_callback
                0x10000b50       0x30 CMakeFiles/vibestick_rp2040.dir/C_/Users/ROG/pico-sdk/src/common/pico_time/time.c.obj
 .text.alarm_pool_irq_handler
                0x10000b80      0x300 CMakeFiles/vibestick_rp2040.dir/C_/Users/ROG/pico-sdk/src/common/pico_time/time.c.obj
 .text.runtime_init_default_alarm_pool
                0x10000e80       0xdc CMakeFiles/vibestick_rp2040.dir/C_/Users/ROG/pico-sdk/src/common/pico_time/time.c.obj
                0x10000e80                runtime_init_default_alarm_pool
 .text.alarm_pool_add_alarm_at_force_in_context
                0x10000f5c       0xb0 CMakeFiles/vibestick_rp2040.dir/C_/Users/ROG/pico-sdk/src/common/pico_time/time.c.obj
                0x10000f5c                alarm_pool_add_alarm_at_force_in_context
 .text.alarm_pool_cancel_alarm
                0x1000100c       0x74 CMakeFiles/vibestick_rp2040.dir/C_/Users/ROG/pico-sdk/src/common/pico_time/time.c.obj
                0x1000100c                alarm_pool_cancel_alarm
 .text.best_effort_wfe_or_timeout
                0x10001080      0x10c CMakeFiles/vibestick_rp2040.dir/C_/Users/ROG/pico-sdk/src/common/pico_time/time.c.obj
                0x10001080                best_effort_wfe_or_timeout
 .text.timer_hardware_alarm_claim
                0x1000118c       0x14 CMakeFiles/vibestick_rp2040.dir/C_/Users/ROG/pico-sdk/src/rp2_common/hardware_timer/timer.c.obj
                0x1000118c                timer_hardware_alarm_claim
 .text.timer_time_us_64
                0x100011a0       0x10 CMakeFiles/vibestick_rp2040.dir/C_/Users/ROG/pico-sdk/src/rp2_common/hardware_timer/timer.c.obj
                0x100011a0                timer_time_us_64
 .text.time_us_64
                0x100011b0       0x14 CMakeFiles/vibestick_rp2040.dir/C_/Users/ROG/pico-sdk/src/rp2_common/hardware_timer/timer.c.obj
                0x100011b0                time_us_64
 .text.busy_wait_us
                0x100011c4       0x68 CMakeFiles/vibestick_rp2040.dir/C_/Users/ROG/pico-sdk/src/rp2_common/hardware_timer/timer.c.obj
                0x100011c4                busy_wait_us
 .text.uart_init
                0x1000122c      0x120 CMakeFiles/vibestick_rp2040.dir/C_/Users/ROG/pico-sdk/src/rp2_common/hardware_uart/uart.c.obj
                0x1000122c                uart_init
 .text.clock_configure_int_divider
                0x1000134c       0xf4 CMakeFiles/vibestick_rp2040.dir/C_/Users/ROG/pico-sdk/src/rp2_common/hardware_clocks/clocks.c.obj
                0x1000134c                clock_configure_int_divider
 .text.clock_configure_undivided
                0x10001440       0xe8 CMakeFiles/vibestick_rp2040.dir/C_/Users/ROG/pico-sdk/src/rp2_common/hardware_clocks/clocks.c.obj
                0x10001440                clock_configure_undivided
 .text.clock_get_hz
                0x10001528        0xc CMakeFiles/vibestick_rp2040.dir/C_/Users/ROG/pico-sdk/src/rp2_common/hardware_clocks/clocks.c.obj
                0x10001528                clock_get_hz
 .text.pll_init
                0x10001534       0xa4 CMakeFiles/vibestick_rp2040.dir/C_/Users/ROG/pico-sdk/src/rp2_common/hardware_pll/pll.c.obj
                0x10001534                pll_init
 .text.tick_start
                0x100015d8       0x10 CMakeFiles/vibestick_rp2040.dir/C_/Users/ROG/pico-sdk/src/rp2_common/hardware_ticks/ticks.c.obj
                0x100015d8                tick_start
 .text.rom_func_lookup
                0x100015e8       0x10 CMakeFiles/vibestick_rp2040.dir/C_/Users/ROG/pico-sdk/src/rp2_common/pico_bootrom/bootrom.c.obj
                0x100015e8                rom_func_lookup
 .text.rom_data_lookup
                0x100015f8       0x10 CMakeFiles/vibestick_rp2040.dir/C_/Users/ROG/pico-sdk/src/rp2_common/pico_bootrom/bootrom.c.obj
                0x100015f8                rom_data_lookup
 .text.rom_funcs_lookup
                0x10001608       0x44 CMakeFiles/vibestick_rp2040.dir/C_/Users/ROG/pico-sdk/src/rp2_common/pico_bootrom/bootrom.c.obj
                0x10001608                rom_funcs_lookup
 .text.xosc_init
                0x1000164c       0x28 CMakeFiles/vibestick_rp2040.dir/C_/Users/ROG/pico-sdk/src/rp2_common/hardware_xosc/xosc.c.obj
                0x1000164c                xosc_init
 .text.first_per_core_initializer
                0x10001674        0x4 CMakeFiles/vibestick_rp2040.dir/C_/Users/ROG/pico-sdk/src/rp2_common/pico_runtime/runtime.c.obj
 .text.hard_assertion_failure
                0x10001678        0xc CMakeFiles/vibestick_rp2040.dir/C_/Users/ROG/pico-sdk/src/rp2_common/pico_runtime/runtime.c.obj
                0x10001678                hard_assertion_failure
 .text.runtime_run_initializers
                0x10001684       0x28 CMakeFiles/vibestick_rp2040.dir/C_/Users/ROG/pico-sdk/src/rp2_common/pico_runtime/runtime.c.obj
                0x10001684                runtime_run_initializers
 .text.runtime_init_early_resets
                0x100016ac       0x2c CMakeFiles/vibestick_rp2040.dir/C_/Users/ROG/pico-sdk/src/rp2_common/pico_runtime_init/runtime_init.c.obj
                0x100016ac                runtime_init_early_resets
 .text.runtime_init_usb_power_down
                0x100016d8       0x1c CMakeFiles/vibestick_rp2040.dir/C_/Users/ROG/pico-sdk/src/rp2_common/pico_runtime_init/runtime_init.c.obj
                0x100016d8                runtime_init_usb_power_down
 .text.runtime_init_post_clock_resets
                0x100016f4       0x20 CMakeFiles/vibestick_rp2040.dir/C_/Users/ROG/pico-sdk/src/rp2_common/pico_runtime_init/runtime_init.c.obj
                0x100016f4                runtime_init_post_clock_resets
 .text.runtime_init_rp2040_gpio_ie_disable
                0x10001714       0x14 CMakeFiles/vibestick_rp2040.dir/C_/Users/ROG/pico-sdk/src/rp2_common/pico_runtime_init/runtime_init.c.obj
                0x10001714                runtime_init_rp2040_gpio_ie_disable
 .text.runtime_init_spin_locks_reset
                0x10001728        0x8 CMakeFiles/vibestick_rp2040.dir/C_/Users/ROG/pico-sdk/src/rp2_common/pico_runtime_init/runtime_init.c.obj
                0x10001728                runtime_init_spin_locks_reset
 .text.runtime_init_install_ram_vector_table
                0x10001730       0xb4 CMakeFiles/vibestick_rp2040.dir/C_/Users/ROG/pico-sdk/src/rp2_common/pico_runtime_init/runtime_init.c.obj
                0x10001730                runtime_init_install_ram_vector_table
 .text.runtime_init_clocks
                0x100017e4       0xd8 CMakeFiles/vibestick_rp2040.dir/C_/Users/ROG/pico-sdk/src/rp2_common/pico_runtime_init/runtime_init_clocks.c.obj
                0x100017e4                runtime_init_clocks
 .text          0x100018bc       0x10 CMakeFiles/vibestick_rp2040.dir/C_/Users/ROG/pico-sdk/src/rp2_common/pico_bit_ops/bit_ops_aeabi.S.obj
 .text.__wrap___aeabi_uidiv
                0x100018cc       0x4c CMakeFiles/vibestick_rp2040.dir/C_/Users/ROG/pico-sdk/src/rp2_common/pico_divider/divider_hardware.S.obj
                0x100018cc                __wrap___aeabi_uidiv
                0x100018cc                __wrap___aeabi_uidivmod
                0x100018cc                div_u32u32
                0x100018cc                divmod_u32u32
                0x100018d4                divmod_u32u32_unsafe
                0x100018fc                divmod_u32u32_savestate
 .text.__aeabi_double_init
                0x10001918       0xa4 CMakeFiles/vibestick_rp2040.dir/C_/Users/ROG/pico-sdk/src/rp2_common/pico_double/double_init_rom_rp2040.c.obj
                0x10001918                __aeabi_double_init
 .text.double_table_shim_on_use_helper
                0x100019bc       0x2c CMakeFiles/vibestick_rp2040.dir/C_/Users/ROG/pico-sdk/src/rp2_common/pico_double/double_v1_rom_shim_rp2040.S.obj
                0x100019bc                double_table_shim_on_use_helper
 .text.__aeabi_lmul
                0x100019e8       0x32 CMakeFiles/vibestick_rp2040.dir/C_/Users/ROG/pico-sdk/src/rp2_common/pico_int64_ops/pico_int64_ops_aeabi.S.obj
                0x100019e8                __wrap___aeabi_lmul
 *fill*         0x10001a1a        0x2 
 .text.__aeabi_float_init
                0x10001a1c       0x64 CMakeFiles/vibestick_rp2040.dir/C_/Users/ROG/pico-sdk/src/rp2_common/pico_float/float_init_rom_rp2040.c.obj
                0x10001a1c                __aeabi_float_init
 .text.float_table_shim_on_use_helper
                0x10001a80       0x2c CMakeFiles/vibestick_rp2040.dir/C_/Users/ROG/pico-sdk/src/rp2_common/pico_float/float_v1_rom_shim_rp2040.S.obj
                0x10001a80                float_table_shim_on_use_helper
 .text          0x10001aac       0x10 CMakeFiles/vibestick_rp2040.dir/C_/Users/ROG/pico-sdk/src/rp2_common/pico_mem_ops/mem_ops_aeabi.S.obj
                0x10001aac                __aeabi_mem_init
 .text.memset   0x10001abc        0xc CMakeFiles/vibestick_rp2040.dir/C_/Users/ROG/pico-sdk/src/rp2_common/pico_mem_ops/mem_ops_aeabi.S.obj
                0x10001abc                __wrap_memset
 .text.memcpy   0x10001ac8        0xc CMakeFiles/vibestick_rp2040.dir/C_/Users/ROG/pico-sdk/src/rp2_common/pico_mem_ops/mem_ops_aeabi.S.obj
                0x10001ac8                __wrap_memcpy
                0x10001ac8                __wrap___aeabi_memcpy
 .text._out_char
                0x10001ad4       0x10 CMakeFiles/vibestick_rp2040.dir/C_/Users/ROG/pico-sdk/src/rp2_common/pico_printf/printf.c.obj
 .text.weak_raw_vprintf
                0x10001ae4       0x30 CMakeFiles/vibestick_rp2040.dir/C_/Users/ROG/pico-sdk/src/rp2_common/pico_printf/printf.c.obj
                0x10001ae4                weak_raw_vprintf
 .text._exit    0x10001b14        0x4 CMakeFiles/vibestick_rp2040.dir/C_/Users/ROG/pico-sdk/src/rp2_common/pico_clib_interface/newlib_interface.c.obj
                0x10001b14                _exit
 .text.exit     0x10001b18        0x8 CMakeFiles/vibestick_rp2040.dir/C_/Users/ROG/pico-sdk/src/rp2_common/pico_clib_interface/newlib_interface.c.obj
                0x10001b18                exit
 .text.runtime_init
                0x10001b20       0x2c CMakeFiles/vibestick_rp2040.dir/C_/Users/ROG/pico-sdk/src/rp2_common/pico_clib_interface/newlib_interface.c.obj
                0x10001b20                runtime_init
 .text.stdio_out_chars_no_crlf
                0x10001b4c       0x10 CMakeFiles/vibestick_rp2040.dir/C_/Users/ROG/pico-sdk/src/rp2_common/pico_stdio/stdio.c.obj
 .text.stdio_out_chars_crlf
                0x10001b5c       0xb0 CMakeFiles/vibestick_rp2040.dir/C_/Users/ROG/pico-sdk/src/rp2_common/pico_stdio/stdio.c.obj
 .text.stdio_put_string
                0x10001c0c       0xfc CMakeFiles/vibestick_rp2040.dir/C_/Users/ROG/pico-sdk/src/rp2_common/pico_stdio/stdio.c.obj
                0x10001c0c                stdio_put_string
 .text.stdio_set_driver_enabled
                0x10001d08       0x30 CMakeFiles/vibestick_rp2040.dir/C_/Users/ROG/pico-sdk/src/rp2_common/pico_stdio/stdio.c.obj
                0x10001d08                stdio_set_driver_enabled
 .text.__wrap_putchar
                0x10001d38       0x94 CMakeFiles/vibestick_rp2040.dir/C_/Users/ROG/pico-sdk/src/rp2_common/pico_stdio/stdio.c.obj
                0x10001d38                __wrap_putchar
                0x10001d38                stdio_putchar
 .text.__wrap_puts
                0x10001dcc       0x3c CMakeFiles/vibestick_rp2040.dir/C_/Users/ROG/pico-sdk/src/rp2_common/pico_stdio/stdio.c.obj
                0x10001dcc                stdio_puts
                0x10001dcc                __wrap_puts
 .text.stdio_uart_out_chars
                0x10001e08       0x4c CMakeFiles/vibestick_rp2040.dir/C_/Users/ROG/pico-sdk/src/rp2_common/pico_stdio_uart/stdio_uart.c.obj
 .text.stdio_uart_in_chars
                0x10001e54       0x90 CMakeFiles/vibestick_rp2040.dir/C_/Users/ROG/pico-sdk/src/rp2_common/pico_stdio_uart/stdio_uart.c.obj
                0x10001e54                stdio_uart_in_chars
 .text.on_uart_rx
                0x10001ee4       0x28 CMakeFiles/vibestick_rp2040.dir/C_/Users/ROG/pico-sdk/src/rp2_common/pico_stdio_uart/stdio_uart.c.obj
 .text.stdio_uart_out_flush
                0x10001f0c       0x14 CMakeFiles/vibestick_rp2040.dir/C_/Users/ROG/pico-sdk/src/rp2_common/pico_stdio_uart/stdio_uart.c.obj
 .text.stdio_uart_set_chars_available_callback
                0x10001f20       0x84 CMakeFiles/vibestick_rp2040.dir/C_/Users/ROG/pico-sdk/src/rp2_common/pico_stdio_uart/stdio_uart.c.obj
 .text.stdio_uart_init_full
                0x10001fa4       0x3c CMakeFiles/vibestick_rp2040.dir/C_/Users/ROG/pico-sdk/src/rp2_common/pico_stdio_uart/stdio_uart.c.obj
                0x10001fa4                stdio_uart_init_full
 .text.dcd_init
                0x10001fe0       0x90 CMakeFiles/vibestick_rp2040.dir/C_/Users/ROG/pico-sdk/lib/tinyusb/src/portable/raspberrypi/rp2040/dcd_rp2040.c.obj
                0x10001fe0                dcd_init
 .text.dcd_int_enable
                0x10002070        0xc CMakeFiles/vibestick_rp2040.dir/C_/Users/ROG/pico-sdk/lib/tinyusb/src/portable/raspberrypi/rp2040/dcd_rp2040.c.obj
                0x10002070                dcd_int_enable
 .text.dcd_set_address
                0x1000207c       0x14 CMakeFiles/vibestick_rp2040.dir/C_/Users/ROG/pico-sdk/lib/tinyusb/src/portable/raspberrypi/rp2040/dcd_rp2040.c.obj
                0x1000207c                dcd_set_address
 .text.dcd_sof_enable
                0x10002090       0x1c CMakeFiles/vibestick_rp2040.dir/C_/Users/ROG/pico-sdk/lib/tinyusb/src/portable/raspberrypi/rp2040/dcd_rp2040.c.obj
                0x10002090                dcd_sof_enable
 .text.dcd_edpt0_status_complete
                0x100020ac       0x1c CMakeFiles/vibestick_rp2040.dir/C_/Users/ROG/pico-sdk/lib/tinyusb/src/portable/raspberrypi/rp2040/dcd_rp2040.c.obj
                0x100020ac                dcd_edpt0_status_complete
 .text.dcd_edpt_open
                0x100020c8      0x114 CMakeFiles/vibestick_rp2040.dir/C_/Users/ROG/pico-sdk/lib/tinyusb/src/portable/raspberrypi/rp2040/dcd_rp2040.c.obj
                0x100020c8                dcd_edpt_open
 .text.dcd_edpt_close_all
                0x100021dc        0x8 CMakeFiles/vibestick_rp2040.dir/C_/Users/ROG/pico-sdk/lib/tinyusb/src/portable/raspberrypi/rp2040/dcd_rp2040.c.obj
                0x100021dc                dcd_edpt_close_all
 .text.dcd_edpt_xfer
                0x100021e4       0x24 CMakeFiles/vibestick_rp2040.dir/C_/Users/ROG/pico-sdk/lib/tinyusb/src/portable/raspberrypi/rp2040/dcd_rp2040.c.obj
                0x100021e4                dcd_edpt_xfer
 .text.dcd_edpt_stall
                0x10002208       0x3c CMakeFiles/vibestick_rp2040.dir/C_/Users/ROG/pico-sdk/lib/tinyusb/src/portable/raspberrypi/rp2040/dcd_rp2040.c.obj
                0x10002208                dcd_edpt_stall
 .text.dcd_edpt_clear_stall
                0x10002244       0x30 CMakeFiles/vibestick_rp2040.dir/C_/Users/ROG/pico-sdk/lib/tinyusb/src/portable/raspberrypi/rp2040/dcd_rp2040.c.obj
                0x10002244                dcd_edpt_clear_stall
 .text.rp2040_usb_init
                0x10002274       0x40 CMakeFiles/vibestick_rp2040.dir/C_/Users/ROG/pico-sdk/lib/tinyusb/src/portable/raspberrypi/rp2040/rp2040_usb.c.obj
                0x10002274                rp2040_usb_init
 .text.hw_endpoint_xfer_start
                0x100022b4       0x40 CMakeFiles/vibestick_rp2040.dir/C_/Users/ROG/pico-sdk/lib/tinyusb/src/portable/raspberrypi/rp2040/rp2040_usb.c.obj
                0x100022b4                hw_endpoint_xfer_start
 .text.tud_event_hook_cb
                0x100022f4        0x4 CMakeFiles/vibestick_rp2040.dir/C_/Users/ROG/pico-sdk/lib/tinyusb/src/device/usbd.c.obj
                0x100022f4                tud_event_hook_cb
 .text.tud_sof_cb
                0x100022f8        0x4 CMakeFiles/vibestick_rp2040.dir/C_/Users/ROG/pico-sdk/lib/tinyusb/src/device/usbd.c.obj
                0x100022f8                tud_sof_cb
 .text.tud_descriptor_device_qualifier_cb
                0x100022fc        0x4 CMakeFiles/vibestick_rp2040.dir/C_/Users/ROG/pico-sdk/lib/tinyusb/src/device/usbd.c.obj
                0x100022fc                tud_descriptor_device_qualifier_cb
 .text.tud_descriptor_other_speed_configuration_cb
                0x10002300        0x4 CMakeFiles/vibestick_rp2040.dir/C_/Users/ROG/pico-sdk/lib/tinyusb/src/device/usbd.c.obj
                0x10002300                tud_descriptor_other_speed_configuration_cb
 .text.tud_mounted
                0x10002304       0x10 CMakeFiles/vibestick_rp2040.dir/C_/Users/ROG/pico-sdk/lib/tinyusb/src/device/usbd.c.obj
                0x10002304                tud_mounted
 .text.tud_suspended
                0x10002314       0x10 CMakeFiles/vibestick_rp2040.dir/C_/Users/ROG/pico-sdk/lib/tinyusb/src/device/usbd.c.obj
                0x10002314                tud_suspended
 .text.tud_rhport_init
                0x10002324       0xf4 CMakeFiles/vibestick_rp2040.dir/C_/Users/ROG/pico-sdk/lib/tinyusb/src/device/usbd.c.obj
                0x10002324                tud_rhport_init
 .text.tud_task_ext
                0x10002418      0x800 CMakeFiles/vibestick_rp2040.dir/C_/Users/ROG/pico-sdk/lib/tinyusb/src/device/usbd.c.obj
                0x10002418                tud_task_ext
 .text.usbd_open_edpt_pair
                0x10002c18       0x9c CMakeFiles/vibestick_rp2040.dir/C_/Users/ROG/pico-sdk/lib/tinyusb/src/device/usbd.c.obj
                0x10002c18                usbd_open_edpt_pair
 .text.usbd_edpt_open
                0x10002cb4       0x34 CMakeFiles/vibestick_rp2040.dir/C_/Users/ROG/pico-sdk/lib/tinyusb/src/device/usbd.c.obj
                0x10002cb4                usbd_edpt_open
 .text.usbd_edpt_claim
                0x10002ce8       0x28 CMakeFiles/vibestick_rp2040.dir/C_/Users/ROG/pico-sdk/lib/tinyusb/src/device/usbd.c.obj
                0x10002ce8                usbd_edpt_claim
 .text.usbd_edpt_release
                0x10002d10       0x28 CMakeFiles/vibestick_rp2040.dir/C_/Users/ROG/pico-sdk/lib/tinyusb/src/device/usbd.c.obj
                0x10002d10                usbd_edpt_release
 .text.usbd_edpt_xfer
                0x10002d38       0x4c CMakeFiles/vibestick_rp2040.dir/C_/Users/ROG/pico-sdk/lib/tinyusb/src/device/usbd.c.obj
                0x10002d38                usbd_edpt_xfer
 .text.tud_control_status
                0x10002d84       0x2c CMakeFiles/vibestick_rp2040.dir/C_/Users/ROG/pico-sdk/lib/tinyusb/src/device/usbd_control.c.obj
                0x10002d84                tud_control_status
 .text.tud_control_xfer
                0x10002db0       0xa8 CMakeFiles/vibestick_rp2040.dir/C_/Users/ROG/pico-sdk/lib/tinyusb/src/device/usbd_control.c.obj
                0x10002db0                tud_control_xfer
 .text.usbd_control_reset
                0x10002e58       0x14 CMakeFiles/vibestick_rp2040.dir/C_/Users/ROG/pico-sdk/lib/tinyusb/src/device/usbd_control.c.obj
                0x10002e58                usbd_control_reset
 .text.usbd_control_set_complete_callback
                0x10002e6c        0xc CMakeFiles/vibestick_rp2040.dir/C_/Users/ROG/pico-sdk/lib/tinyusb/src/device/usbd_control.c.obj
                0x10002e6c                usbd_control_set_complete_callback
 .text.usbd_control_set_request
                0x10002e78       0x1c CMakeFiles/vibestick_rp2040.dir/C_/Users/ROG/pico-sdk/lib/tinyusb/src/device/usbd_control.c.obj
                0x10002e78                usbd_control_set_request
 .text.usbd_control_xfer_cb
                0x10002e94       0xec CMakeFiles/vibestick_rp2040.dir/C_/Users/ROG/pico-sdk/lib/tinyusb/src/device/usbd_control.c.obj
                0x10002e94                usbd_control_xfer_cb
 .text._prep_out_transaction.isra.0
                0x10002f80       0x6c CMakeFiles/vibestick_rp2040.dir/C_/Users/ROG/pico-sdk/lib/tinyusb/src/class/cdc/cdc_device.c.obj
 .text.tud_cdc_n_write_flush
                0x10002fec       0x74 CMakeFiles/vibestick_rp2040.dir/C_/Users/ROG/pico-sdk/lib/tinyusb/src/class/cdc/cdc_device.c.obj
                0x10002fec                tud_cdc_n_write_flush
 .text.cdcd_init
                0x10003060       0x70 CMakeFiles/vibestick_rp2040.dir/C_/Users/ROG/pico-sdk/lib/tinyusb/src/class/cdc/cdc_device.c.obj
                0x10003060                cdcd_init
 .text.cdcd_deinit
                0x100030d0       0x30 CMakeFiles/vibestick_rp2040.dir/C_/Users/ROG/pico-sdk/lib/tinyusb/src/class/cdc/cdc_device.c.obj
                0x100030d0                cdcd_deinit
 .text.cdcd_reset
                0x10003100       0x4c CMakeFiles/vibestick_rp2040.dir/C_/Users/ROG/pico-sdk/lib/tinyusb/src/class/cdc/cdc_device.c.obj
                0x10003100                cdcd_reset
 .text.cdcd_open
                0x1000314c       0xa4 CMakeFiles/vibestick_rp2040.dir/C_/Users/ROG/pico-sdk/lib/tinyusb/src/class/cdc/cdc_device.c.obj
                0x1000314c                cdcd_open
 .text.cdcd_control_xfer_cb
                0x100031f0       0xe8 CMakeFiles/vibestick_rp2040.dir/C_/Users/ROG/pico-sdk/lib/tinyusb/src/class/cdc/cdc_device.c.obj
                0x100031f0                cdcd_control_xfer_cb
 .text.cdcd_xfer_cb
                0x100032d8      0x100 CMakeFiles/vibestick_rp2040.dir/C_/Users/ROG/pico-sdk/lib/tinyusb/src/class/cdc/cdc_device.c.obj
                0x100032d8                cdcd_xfer_cb
 .text.vendord_init
                0x100033d8       0x54 CMakeFiles/vibestick_rp2040.dir/C_/Users/ROG/pico-sdk/lib/tinyusb/src/class/vendor/vendor_device.c.obj
                0x100033d8                vendord_init
 .text.vendord_deinit
                0x1000342c       0x1c CMakeFiles/vibestick_rp2040.dir/C_/Users/ROG/pico-sdk/lib/tinyusb/src/class/vendor/vendor_device.c.obj
                0x1000342c                vendord_deinit
 .text.vendord_reset
                0x10003448       0x24 CMakeFiles/vibestick_rp2040.dir/C_/Users/ROG/pico-sdk/lib/tinyusb/src/class/vendor/vendor_device.c.obj
                0x10003448                vendord_reset
 .text.vendord_open
                0x1000346c      0x118 CMakeFiles/vibestick_rp2040.dir/C_/Users/ROG/pico-sdk/lib/tinyusb/src/class/vendor/vendor_device.c.obj
                0x1000346c                vendord_open
 .text.vendord_xfer_cb
                0x10003584       0x94 CMakeFiles/vibestick_rp2040.dir/C_/Users/ROG/pico-sdk/lib/tinyusb/src/class/vendor/vendor_device.c.obj
                0x10003584                vendord_xfer_cb
 .text.tusb_rhport_init
                0x10003618       0x4c CMakeFiles/vibestick_rp2040.dir/C_/Users/ROG/pico-sdk/lib/tinyusb/src/tusb.c.obj
                0x10003618                tusb_rhport_init
 .text.tu_edpt_claim
                0x10003664       0x50 CMakeFiles/vibestick_rp2040.dir/C_/Users/ROG/pico-sdk/lib/tinyusb/src/tusb.c.obj
                0x10003664                tu_edpt_claim
 .text.tu_edpt_release
                0x100036b4       0x38 CMakeFiles/vibestick_rp2040.dir/C_/Users/ROG/pico-sdk/lib/tinyusb/src/tusb.c.obj
                0x100036b4                tu_edpt_release
 .text.tu_edpt_validate
                0x100036ec       0x7c CMakeFiles/vibestick_rp2040.dir/C_/Users/ROG/pico-sdk/lib/tinyusb/src/tusb.c.obj
                0x100036ec                tu_edpt_validate
 .text.tu_edpt_bind_driver
                0x10003768       0x34 CMakeFiles/vibestick_rp2040.dir/C_/Users/ROG/pico-sdk/lib/tinyusb/src/tusb.c.obj
                0x10003768                tu_edpt_bind_driver
 .text.tu_edpt_stream_init
                0x1000379c       0x6c CMakeFiles/vibestick_rp2040.dir/C_/Users/ROG/pico-sdk/lib/tinyusb/src/tusb.c.obj
                0x1000379c                tu_edpt_stream_init
 .text.tu_edpt_stream_deinit
                0x10003808        0x4 CMakeFiles/vibestick_rp2040.dir/C_/Users/ROG/pico-sdk/lib/tinyusb/src/tusb.c.obj
                0x10003808                tu_edpt_stream_deinit
 .text.tu_edpt_stream_write_zlp_if_needed
                0x1000380c       0x68 CMakeFiles/vibestick_rp2040.dir/C_/Users/ROG/pico-sdk/lib/tinyusb/src/tusb.c.obj
                0x1000380c                tu_edpt_stream_write_zlp_if_needed
 .text.tu_edpt_stream_write_xfer
                0x10003874       0x68 CMakeFiles/vibestick_rp2040.dir/C_/Users/ROG/pico-sdk/lib/tinyusb/src/tusb.c.obj
                0x10003874                tu_edpt_stream_write_xfer
 .text.tu_edpt_stream_read_xfer
                0x100038dc       0xd8 CMakeFiles/vibestick_rp2040.dir/C_/Users/ROG/pico-sdk/lib/tinyusb/src/tusb.c.obj
                0x100038dc                tu_edpt_stream_read_xfer
 .text.tu_fifo_config
                0x100039b4       0x6c CMakeFiles/vibestick_rp2040.dir/C_/Users/ROG/pico-sdk/lib/tinyusb/src/common/tusb_fifo.c.obj
                0x100039b4                tu_fifo_config
 .text.tu_fifo_count
                0x10003a20       0x2c CMakeFiles/vibestick_rp2040.dir/C_/Users/ROG/pico-sdk/lib/tinyusb/src/common/tusb_fifo.c.obj
                0x10003a20                tu_fifo_count
 .text.tu_fifo_empty
                0x10003a4c       0x10 CMakeFiles/vibestick_rp2040.dir/C_/Users/ROG/pico-sdk/lib/tinyusb/src/common/tusb_fifo.c.obj
                0x10003a4c                tu_fifo_empty
 .text.tu_fifo_remaining
                0x10003a5c       0x2c CMakeFiles/vibestick_rp2040.dir/C_/Users/ROG/pico-sdk/lib/tinyusb/src/common/tusb_fifo.c.obj
                0x10003a5c                tu_fifo_remaining
 .text.tu_fifo_read
                0x10003a88       0x9c CMakeFiles/vibestick_rp2040.dir/C_/Users/ROG/pico-sdk/lib/tinyusb/src/common/tusb_fifo.c.obj
                0x10003a88                tu_fifo_read
 .text.tu_fifo_read_n
                0x10003b24       0xe8 CMakeFiles/vibestick_rp2040.dir/C_/Users/ROG/pico-sdk/lib/tinyusb/src/common/tusb_fifo.c.obj
                0x10003b24                tu_fifo_read_n
 .text.tu_fifo_write
                0x10003c0c       0xa4 CMakeFiles/vibestick_rp2040.dir/C_/Users/ROG/pico-sdk/lib/tinyusb/src/common/tusb_fifo.c.obj
                0x10003c0c                tu_fifo_write
 .text.tu_fifo_write_n
                0x10003cb0      0x178 CMakeFiles/vibestick_rp2040.dir/C_/Users/ROG/pico-sdk/lib/tinyusb/src/common/tusb_fifo.c.obj
                0x10003cb0                tu_fifo_write_n
 .text.tu_fifo_clear
                0x10003e28       0x40 CMakeFiles/vibestick_rp2040.dir/C_/Users/ROG/pico-sdk/lib/tinyusb/src/common/tusb_fifo.c.obj
                0x10003e28                tu_fifo_clear
 .text.tu_fifo_set_overwritable
                0x10003e68       0x48 CMakeFiles/vibestick_rp2040.dir/C_/Users/ROG/pico-sdk/lib/tinyusb/src/common/tusb_fifo.c.obj
                0x10003e68                tu_fifo_set_overwritable
 .text.board_init
                0x10003eb0       0x30 CMakeFiles/vibestick_rp2040.dir/C_/Users/ROG/pico-sdk/lib/tinyusb/hw/bsp/rp2040/family.c.obj
                0x10003eb0                board_init
 .text.startup._retrieve_unique_id_on_boot
                0x10003ee0       0x10 CMakeFiles/vibestick_rp2040.dir/C_/Users/ROG/pico-sdk/src/rp2_common/pico_unique_id/unique_id.c.obj
 .text.flash_get_unique_id
                0x10003ef0       0x3c CMakeFiles/vibestick_rp2040.dir/C_/Users/ROG/pico-sdk/src/rp2_common/hardware_flash/flash.c.obj
                0x10003ef0                flash_get_unique_id
 .text.strlen   0x10003f2c       0x5c C:/PROGRA~2/ARMGNU~1/14EFD8~1.2RE/bin/../lib/gcc/arm-none-eabi/14.2.1/thumb/v6-m/nofp\libg.a(libc_a-strlen-stub.o)
                0x10003f2c                strlen
 *(.fini)
 .fini          0x10003f88        0x4 C:/PROGRA~2/ARMGNU~1/14EFD8~1.2RE/bin/../lib/gcc/arm-none-eabi/14.2.1/thumb/v6-m/nofp/crti.o
                0x10003f88                _fini
 *fill*         0x10003f8c        0x4 
 .fini.__stub   0x10003f90       0xa0 linker stubs
 *crtbegin.o(.ctors)
 *crtbegin?.o(.ctors)
 *(EXCLUDE_FILE(*crtend.o *crtend?.o) .ctors)
 *(SORT_BY_NAME(.ctors.*))
 *(.ctors)
 *crtbegin.o(.dtors)
 *crtbegin?.o(.dtors)
 *(EXCLUDE_FILE(*crtend.o *crtend?.o) .dtors)
 *(SORT_BY_NAME(.dtors.*))
 *(.dtors)
                0x10004030                        . = ALIGN (0x4)
                0x10004030                        PROVIDE (__preinit_array_start = .)
 *(SORT_BY_NAME(.preinit_array.*))
 .preinit_array.00100
                0x10004030        0x4 CMakeFiles/vibestick_rp2040.dir/C_/Users/ROG/pico-sdk/src/rp2_common/pico_runtime_init/runtime_init.c.obj
                0x10004030                __pre_init_runtime_init_early_resets
 .preinit_array.00101
                0x10004034        0x4 CMakeFiles/vibestick_rp2040.dir/C_/Users/ROG/pico-sdk/src/rp2_common/pico_runtime_init/runtime_init.c.obj
                0x10004034                __pre_init_runtime_init_usb_power_down
 .preinit_array.00275
                0x10004038        0x4 CMakeFiles/vibestick_rp2040.dir/C_/Users/ROG/pico-sdk/src/rp2_common/pico_bit_ops/bit_ops_aeabi.S.obj
 .preinit_array.00300
                0x1000403c        0x4 CMakeFiles/vibestick_rp2040.dir/C_/Users/ROG/pico-sdk/src/rp2_common/pico_mem_ops/mem_ops_aeabi.S.obj
 .preinit_array.00350
                0x10004040        0x4 CMakeFiles/vibestick_rp2040.dir/C_/Users/ROG/pico-sdk/src/rp2_common/pico_double/double_aeabi_rp2040.S.obj
 .preinit_array.00350
                0x10004044        0x4 CMakeFiles/vibestick_rp2040.dir/C_/Users/ROG/pico-sdk/src/rp2_common/pico_float/float_aeabi_rp2040.S.obj
 .preinit_array.00500
                0x10004048        0x4 CMakeFiles/vibestick_rp2040.dir/C_/Users/ROG/pico-sdk/src/rp2_common/pico_runtime_init/runtime_init.c.obj
                0x10004048                __pre_init_runtime_init_clocks
 .preinit_array.00600
                0x1000404c        0x4 CMakeFiles/vibestick_rp2040.dir/C_/Users/ROG/pico-sdk/src/rp2_common/pico_runtime_init/runtime_init.c.obj
                0x1000404c                __pre_init_runtime_init_post_clock_resets
 .preinit_array.00700
                0x10004050        0x4 CMakeFiles/vibestick_rp2040.dir/C_/Users/ROG/pico-sdk/src/rp2_common/pico_runtime_init/runtime_init.c.obj
                0x10004050                __pre_init_runtime_init_rp2040_gpio_ie_disable
 .preinit_array.01000
                0x10004054        0x4 CMakeFiles/vibestick_rp2040.dir/C_/Users/ROG/pico-sdk/src/rp2_common/pico_runtime_init/runtime_init.c.obj
                0x10004054                __pre_init_runtime_init_spin_locks_reset
 .preinit_array.01100
                0x10004058        0x4 CMakeFiles/vibestick_rp2040.dir/C_/Users/ROG/pico-sdk/src/common/pico_sync/mutex.c.obj
                0x10004058                __pre_init_runtime_init_mutex
 .preinit_array.10080
                0x1000405c        0x4 CMakeFiles/vibestick_rp2040.dir/C_/Users/ROG/pico-sdk/src/rp2_common/pico_runtime_init/runtime_init.c.obj
                0x1000405c                __pre_init_runtime_init_install_ram_vector_table
 .preinit_array.11000
                0x10004060        0x4 CMakeFiles/vibestick_rp2040.dir/C_/Users/ROG/pico-sdk/src/common/pico_time/time.c.obj
                0x10004060                __pre_init_runtime_init_default_alarm_pool
 .preinit_array.YYYYY
                0x10004064        0x4 CMakeFiles/vibestick_rp2040.dir/C_/Users/ROG/pico-sdk/src/rp2_common/pico_runtime/runtime.c.obj
                0x10004064                __pre_init_first_per_core_initializer
 .preinit_array.ZZZZZ.01200
                0x10004068        0x4 CMakeFiles/vibestick_rp2040.dir/C_/Users/ROG/pico-sdk/src/rp2_common/hardware_irq/irq.c.obj
                0x10004068                __pre_init_runtime_init_per_core_irq_priorities
 *(.preinit_array)
                0x1000406c                        PROVIDE (__preinit_array_end = .)
                0x1000406c                        . = ALIGN (0x4)
                0x1000406c                        PROVIDE (__init_array_start = .)
 *(SORT_BY_NAME(.init_array.*))
 .init_array.01000
                0x1000406c        0x4 CMakeFiles/vibestick_rp2040.dir/C_/Users/ROG/pico-sdk/src/rp2_common/pico_unique_id/unique_id.c.obj
 *(.init_array)
 .init_array    0x10004070        0x4 C:/PROGRA~2/ARMGNU~1/14EFD8~1.2RE/bin/../lib/gcc/arm-none-eabi/14.2.1/thumb/v6-m/nofp/crtbegin.o
                0x10004074                        PROVIDE (__init_array_end = .)
                0x10004074                        . = ALIGN (0x4)
                [!provide]                        PROVIDE (__fini_array_start = .)
 *(SORT_BY_NAME(.fini_array.*))
 *(.fini_array)
                [!provide]                        PROVIDE (__fini_array_end = .)
 *(.eh_frame*)
 .eh_frame      0x10004074        0x0 C:/PROGRA~2/ARMGNU~1/14EFD8~1.2RE/bin/../lib/gcc/arm-none-eabi/14.2.1/thumb/v6-m/nofp/crtbegin.o
                0x10004074                        . = ALIGN (0x4)

.glue_7         0x10004074        0x0
 .glue_7        0x10004074        0x0 linker stubs

.glue_7t        0x10004074        0x0
 .glue_7t       0x10004074        0x0 linker stubs

.vfp11_veneer   0x10004074        0x0
 .vfp11_veneer  0x10004074        0x0 linker stubs

.v4_bx          0x10004074        0x0
 .v4_bx         0x10004074        0x0 linker stubs

.iplt           0x10004074        0x0
 .iplt          0x10004074        0x0 C:/PROGRA~2/ARMGNU~1/14EFD8~1.2RE/bin/../lib/gcc/arm-none-eabi/14.2.1/thumb/v6-m/nofp/crtbegin.o

.rodata         0x10004074      0x3f4
 *(EXCLUDE_FILE(*libm.a: *libc.a:*lib_a-mem*.o *libgcc.a:) .rodata*)
 .rodata.str1.4
                0x10004074      0x14c CMakeFiles/vibestick_rp2040.dir/src/usb_descriptors.c.obj
                                 0x41 (size before relaxing)
 .rodata.__compound_literal.0
                0x100041c0        0x2 CMakeFiles/vibestick_rp2040.dir/src/usb_descriptors.c.obj
 *fill*         0x100041c2        0x2 
 .rodata.desc_ms_os_20
                0x100041c4       0xb2 CMakeFiles/vibestick_rp2040.dir/src/usb_descriptors.c.obj
                0x100041c4                desc_ms_os_20
 *fill*         0x10004276        0x2 
 .rodata.desc_bos
                0x10004278       0x21 CMakeFiles/vibestick_rp2040.dir/src/usb_descriptors.c.obj
                0x10004278                desc_bos
 *fill*         0x10004299        0x3 
 .rodata.desc_configuration
                0x1000429c       0x62 CMakeFiles/vibestick_rp2040.dir/src/usb_descriptors.c.obj
                0x1000429c                desc_configuration
 *fill*         0x100042fe        0x2 
 .rodata.desc_device
                0x10004300       0x12 CMakeFiles/vibestick_rp2040.dir/src/usb_descriptors.c.obj
                0x10004300                desc_device
 .rodata.panic.str1.4
                0x10004312       0x12 CMakeFiles/vibestick_rp2040.dir/C_/Users/ROG/pico-sdk/src/rp2_common/pico_platform_panic/panic.c.obj
 .rodata.spin_lock_claim_unused.str1.4
                0x10004312       0x1b CMakeFiles/vibestick_rp2040.dir/C_/Users/ROG/pico-sdk/src/rp2_common/hardware_sync/sync.c.obj
 .rodata.timer_hardware_alarm_claim.str1.4
                0x10004312       0x22 CMakeFiles/vibestick_rp2040.dir/C_/Users/ROG/pico-sdk/src/rp2_common/hardware_timer/timer.c.obj
 .rodata.hard_assertion_failure.str1.4
                0x10004312        0xc CMakeFiles/vibestick_rp2040.dir/C_/Users/ROG/pico-sdk/src/rp2_common/pico_runtime/runtime.c.obj
 .rodata.str1.4
                0x10004312       0x48 CMakeFiles/vibestick_rp2040.dir/C_/Users/ROG/pico-sdk/src/rp2_common/pico_standard_binary_info/standard_binary_info.c.obj
 *fill*         0x10004312        0x2 
 .rodata.__bi_84
                0x10004314        0xc CMakeFiles/vibestick_rp2040.dir/C_/Users/ROG/pico-sdk/src/rp2_common/pico_standard_binary_info/standard_binary_info.c.obj
 .rodata.__bi_78
                0x10004320        0xc CMakeFiles/vibestick_rp2040.dir/C_/Users/ROG/pico-sdk/src/rp2_common/pico_standard_binary_info/standard_binary_info.c.obj
 .rodata.__bi_54
                0x1000432c        0xc CMakeFiles/vibestick_rp2040.dir/C_/Users/ROG/pico-sdk/src/rp2_common/pico_standard_binary_info/standard_binary_info.c.obj
 .rodata.__bi_48
                0x10004338        0xc CMakeFiles/vibestick_rp2040.dir/C_/Users/ROG/pico-sdk/src/rp2_common/pico_standard_binary_info/standard_binary_info.c.obj
 .rodata.__bi_42
                0x10004344        0xc CMakeFiles/vibestick_rp2040.dir/C_/Users/ROG/pico-sdk/src/rp2_common/pico_standard_binary_info/standard_binary_info.c.obj
 .rodata.__bi_34
                0x10004350        0xc CMakeFiles/vibestick_rp2040.dir/C_/Users/ROG/pico-sdk/src/rp2_common/pico_standard_binary_info/standard_binary_info.c.obj
 .rodata.__bi_26
                0x1000435c        0xc CMakeFiles/vibestick_rp2040.dir/C_/Users/ROG/pico-sdk/src/rp2_common/pico_standard_binary_info/standard_binary_info.c.obj
 .rodata.crlf_str.0
                0x10004368        0x2 CMakeFiles/vibestick_rp2040.dir/C_/Users/ROG/pico-sdk/src/rp2_common/pico_stdio/stdio.c.obj
 .rodata.str1.4
                0x1000436a       0x14 CMakeFiles/vibestick_rp2040.dir/C_/Users/ROG/pico-sdk/lib/tinyusb/src/portable/raspberrypi/rp2040/dcd_rp2040.c.obj
 .rodata.str1.4
                0x1000436a       0x48 CMakeFiles/vibestick_rp2040.dir/C_/Users/ROG/pico-sdk/lib/tinyusb/src/portable/raspberrypi/rp2040/rp2040_usb.c.obj
 *fill*         0x1000436a        0x2 
 .rodata.tud_task_ext
                0x1000436c       0x8c CMakeFiles/vibestick_rp2040.dir/C_/Users/ROG/pico-sdk/lib/tinyusb/src/device/usbd.c.obj
 .rodata        0x100043f8       0x1c CMakeFiles/vibestick_rp2040.dir/C_/Users/ROG/pico-sdk/lib/tinyusb/src/device/usbd.c.obj
 .rodata._usbd_driver
                0x10004414       0x40 CMakeFiles/vibestick_rp2040.dir/C_/Users/ROG/pico-sdk/lib/tinyusb/src/device/usbd.c.obj
 .rodata.str1.4
                0x10004454        0x4 CMakeFiles/vibestick_rp2040.dir/C_/Users/ROG/pico-sdk/lib/tinyusb/hw/bsp/rp2040/family.c.obj
 .rodata.__bi_153.0
                0x10004454        0xc CMakeFiles/vibestick_rp2040.dir/C_/Users/ROG/pico-sdk/lib/tinyusb/hw/bsp/rp2040/family.c.obj
 .rodata.__bi_163.1
                0x10004460        0x8 CMakeFiles/vibestick_rp2040.dir/C_/Users/ROG/pico-sdk/lib/tinyusb/hw/bsp/rp2040/family.c.obj
                0x10004468                        . = ALIGN (0x4)
 *(SORT_BY_ALIGNMENT(SORT_BY_NAME(.flashdata*)))
                0x10004468                        . = ALIGN (0x4)

.ARM.extab
 *(.ARM.extab* .gnu.linkonce.armextab.*)
                0x10004468                        __exidx_start = .

.ARM.exidx
 *(.ARM.exidx* .gnu.linkonce.armexidx.*)
                0x10004468                        __exidx_end = .
                0x10004468                        . = ALIGN (0x4)
                0x10004468                        __binary_info_start = .

.binary_info    0x10004468       0x24
 *(.binary_info.keep.*)
 .binary_info.keep.__bi_ptr84
                0x10004468        0x4 CMakeFiles/vibestick_rp2040.dir/C_/Users/ROG/pico-sdk/src/rp2_common/pico_standard_binary_info/standard_binary_info.c.obj
 .binary_info.keep.__bi_ptr78
                0x1000446c        0x4 CMakeFiles/vibestick_rp2040.dir/C_/Users/ROG/pico-sdk/src/rp2_common/pico_standard_binary_info/standard_binary_info.c.obj
 .binary_info.keep.__bi_ptr54
                0x10004470        0x4 CMakeFiles/vibestick_rp2040.dir/C_/Users/ROG/pico-sdk/src/rp2_common/pico_standard_binary_info/standard_binary_info.c.obj
 .binary_info.keep.__bi_ptr48
                0x10004474        0x4 CMakeFiles/vibestick_rp2040.dir/C_/Users/ROG/pico-sdk/src/rp2_common/pico_standard_binary_info/standard_binary_info.c.obj
 .binary_info.keep.__bi_ptr42
                0x10004478        0x4 CMakeFiles/vibestick_rp2040.dir/C_/Users/ROG/pico-sdk/src/rp2_common/pico_standard_binary_info/standard_binary_info.c.obj
 .binary_info.keep.__bi_ptr34
                0x1000447c        0x4 CMakeFiles/vibestick_rp2040.dir/C_/Users/ROG/pico-sdk/src/rp2_common/pico_standard_binary_info/standard_binary_info.c.obj
 .binary_info.keep.__bi_ptr26
                0x10004480        0x4 CMakeFiles/vibestick_rp2040.dir/C_/Users/ROG/pico-sdk/src/rp2_common/pico_standard_binary_info/standard_binary_info.c.obj
 .binary_info.keep.__bi_ptr163
                0x10004484        0x4 CMakeFiles/vibestick_rp2040.dir/C_/Users/ROG/pico-sdk/lib/tinyusb/hw/bsp/rp2040/family.c.obj
 .binary_info.keep.__bi_ptr153
                0x10004488        0x4 CMakeFiles/vibestick_rp2040.dir/C_/Users/ROG/pico-sdk/lib/tinyusb/hw/bsp/rp2040/family.c.obj
 *(.binary_info.*)
                0x1000448c                        __binary_info_end = .
                0x1000448c                        . = ALIGN (0x4)

.ram_vector_table
                0x20000000       0xc0
 *(.ram_vector_table)
 .ram_vector_table
                0x20000000       0xc0 CMakeFiles/vibestick_rp2040.dir/C_/Users/ROG/pico-sdk/src/rp2_common/pico_runtime_init/runtime_init.c.obj
                0x20000000                ram_vector_table

.uninitialized_data
                0x200000c0        0x0
                0x200000c0                        . = ALIGN (0x4)
 *(.uninitialized_data*)

.data           0x200000c0      0xfc0 load address 0x1000448c
                0x200000c0                        __data_start__ = .
 *(vtable)
 *(.time_critical*)
 .time_critical.mutex_try_enter_block_until
                0x200000c0       0x98 CMakeFiles/vibestick_rp2040.dir/C_/Users/ROG/pico-sdk/src/common/pico_sync/mutex.c.obj
                0x200000c0                mutex_try_enter_block_until
 .time_critical.mutex_enter_timeout_ms
                0x20000158       0x8c CMakeFiles/vibestick_rp2040.dir/C_/Users/ROG/pico-sdk/src/common/pico_sync/mutex.c.obj
                0x20000158                mutex_enter_timeout_ms
 .time_critical.mutex_exit
                0x200001e4       0x28 CMakeFiles/vibestick_rp2040.dir/C_/Users/ROG/pico-sdk/src/common/pico_sync/mutex.c.obj
                0x200001e4                mutex_exit
 .time_critical.reset_non_control_endpoints
                0x2000020c       0x68 CMakeFiles/vibestick_rp2040.dir/C_/Users/ROG/pico-sdk/lib/tinyusb/src/portable/raspberrypi/rp2040/dcd_rp2040.c.obj
 .time_critical.hw_handle_buff_status
                0x20000274       0xa0 CMakeFiles/vibestick_rp2040.dir/C_/Users/ROG/pico-sdk/lib/tinyusb/src/portable/raspberrypi/rp2040/dcd_rp2040.c.obj
 .time_critical.dcd_rp2040_irq
                0x20000314      0x548 CMakeFiles/vibestick_rp2040.dir/C_/Users/ROG/pico-sdk/lib/tinyusb/src/portable/raspberrypi/rp2040/dcd_rp2040.c.obj
 .time_critical.prepare_ep_buffer
                0x2000085c       0xc8 CMakeFiles/vibestick_rp2040.dir/C_/Users/ROG/pico-sdk/lib/tinyusb/src/portable/raspberrypi/rp2040/rp2040_usb.c.obj
 .time_critical.sync_ep_buffer
                0x20000924       0x9c CMakeFiles/vibestick_rp2040.dir/C_/Users/ROG/pico-sdk/lib/tinyusb/src/portable/raspberrypi/rp2040/rp2040_usb.c.obj
 .time_critical._hw_endpoint_xfer_sync
                0x200009c0       0x28 CMakeFiles/vibestick_rp2040.dir/C_/Users/ROG/pico-sdk/lib/tinyusb/src/portable/raspberrypi/rp2040/rp2040_usb.c.obj
 .time_critical.e15_is_bulkin_ep
                0x200009e8       0x28 CMakeFiles/vibestick_rp2040.dir/C_/Users/ROG/pico-sdk/lib/tinyusb/src/portable/raspberrypi/rp2040/rp2040_usb.c.obj
 .time_critical.e15_is_critical_frame_period
                0x20000a10       0x34 CMakeFiles/vibestick_rp2040.dir/C_/Users/ROG/pico-sdk/lib/tinyusb/src/portable/raspberrypi/rp2040/rp2040_usb.c.obj
 .time_critical.hw_endpoint_reset_transfer
                0x20000a44        0xc CMakeFiles/vibestick_rp2040.dir/C_/Users/ROG/pico-sdk/lib/tinyusb/src/portable/raspberrypi/rp2040/rp2040_usb.c.obj
                0x20000a44                hw_endpoint_reset_transfer
 .time_critical._hw_endpoint_buffer_control_update32
                0x20000a50       0x50 CMakeFiles/vibestick_rp2040.dir/C_/Users/ROG/pico-sdk/lib/tinyusb/src/portable/raspberrypi/rp2040/rp2040_usb.c.obj
                0x20000a50                _hw_endpoint_buffer_control_update32
 .time_critical.hw_endpoint_start_next_buffer
                0x20000aa0       0x68 CMakeFiles/vibestick_rp2040.dir/C_/Users/ROG/pico-sdk/lib/tinyusb/src/portable/raspberrypi/rp2040/rp2040_usb.c.obj
                0x20000aa0                hw_endpoint_start_next_buffer
 .time_critical.hw_endpoint_xfer_continue
                0x20000b08       0x40 CMakeFiles/vibestick_rp2040.dir/C_/Users/ROG/pico-sdk/lib/tinyusb/src/portable/raspberrypi/rp2040/rp2040_usb.c.obj
                0x20000b08                hw_endpoint_xfer_continue
 .time_critical.tinyusb
                0x20000b48      0x1e4 CMakeFiles/vibestick_rp2040.dir/C_/Users/ROG/pico-sdk/lib/tinyusb/src/device/usbd.c.obj
                0x20000b48                dcd_event_handler
 .time_critical.flash_init_boot2_copyout
                0x20000d2c       0x30 CMakeFiles/vibestick_rp2040.dir/C_/Users/ROG/pico-sdk/src/rp2_common/hardware_flash/flash.c.obj
 .time_critical.flash_enable_xip_via_boot2
                0x20000d5c        0xc CMakeFiles/vibestick_rp2040.dir/C_/Users/ROG/pico-sdk/src/rp2_common/hardware_flash/flash.c.obj
 .time_critical.flash_save_hardware_state
                0x20000d68       0x20 CMakeFiles/vibestick_rp2040.dir/C_/Users/ROG/pico-sdk/src/rp2_common/hardware_flash/flash.c.obj
 .time_critical.flash_restore_hardware_state
                0x20000d88       0x20 CMakeFiles/vibestick_rp2040.dir/C_/Users/ROG/pico-sdk/src/rp2_common/hardware_flash/flash.c.obj
 .time_critical.flash_cs_force
                0x20000da8       0x38 CMakeFiles/vibestick_rp2040.dir/C_/Users/ROG/pico-sdk/src/rp2_common/hardware_flash/flash.c.obj
 .time_critical.flash_do_cmd
                0x20000de0      0x13c CMakeFiles/vibestick_rp2040.dir/C_/Users/ROG/pico-sdk/src/rp2_common/hardware_flash/flash.c.obj
                0x20000de0                flash_do_cmd
 *(.text*)
 .text          0x20000f1c        0x4 C:/PROGRA~2/ARMGNU~1/14EFD8~1.2RE/bin/../lib/gcc/arm-none-eabi/14.2.1/thumb/v6-m/nofp\libgcc.a(_dvmd_tls.o)
                0x20000f1c                __aeabi_idiv0
                0x20000f1c                __aeabi_ldiv0
 .text.__stub   0x20000f20       0x80 linker stubs
                0x20000fa0                        . = ALIGN (0x4)
 *(.rodata*)
                0x20000fa0                        . = ALIGN (0x4)
 *(.data*)
 .data.string_desc_arr
                0x20000fa0       0x14 CMakeFiles/vibestick_rp2040.dir/src/usb_descriptors.c.obj
                0x20000fa0                string_desc_arr
 .data.striped_spin_lock_num
                0x20000fb4        0x1 CMakeFiles/vibestick_rp2040.dir/C_/Users/ROG/pico-sdk/src/rp2_common/hardware_sync/sync.c.obj
 *fill*         0x20000fb5        0x3 
 .data          0x20000fb8       0x48 CMakeFiles/vibestick_rp2040.dir/C_/Users/ROG/pico-sdk/src/rp2_common/hardware_irq/irq_handler_chain.S.obj
                0x20000fb8                irq_handler_chain_slots
                0x20000fe8                irq_handler_chain_first_slot
                0x20000ff2                irq_handler_chain_remove_tail
 .data.default_alarm_pool
                0x20001000       0x18 CMakeFiles/vibestick_rp2040.dir/C_/Users/ROG/pico-sdk/src/common/pico_time/time.c.obj
 *fill*         0x20001018        0x8 
 .data.aeabi_bits_funcs
                0x20001020       0x10 CMakeFiles/vibestick_rp2040.dir/C_/Users/ROG/pico-sdk/src/rp2_common/pico_bit_ops/bit_ops_aeabi.S.obj
                0x20001020                aeabi_bits_funcs
                0x20001030                aeabi_bits_funcs_end
 .data.aeabi_mem_funcs
                0x20001030       0x10 CMakeFiles/vibestick_rp2040.dir/C_/Users/ROG/pico-sdk/src/rp2_common/pico_mem_ops/mem_ops_aeabi.S.obj
                0x20001030                aeabi_mem_funcs
                0x20001040                aeabi_mem_funcs_end
 .data.stdio_uart
                0x20001040       0x18 CMakeFiles/vibestick_rp2040.dir/C_/Users/ROG/pico-sdk/src/rp2_common/pico_stdio_uart/stdio_uart.c.obj
                0x20001040                stdio_uart
 .data._usbd_qdef
                0x20001058       0x1c CMakeFiles/vibestick_rp2040.dir/C_/Users/ROG/pico-sdk/lib/tinyusb/src/device/usbd.c.obj
                0x20001058                _usbd_qdef
 .data._usbd_rhport
                0x20001074        0x1 CMakeFiles/vibestick_rp2040.dir/C_/Users/ROG/pico-sdk/lib/tinyusb/src/device/usbd.c.obj
                0x20001078                        . = ALIGN (0x4)
 *fill*         0x20001075        0x3 
 *(.after_data.*)
                0x20001078                        . = ALIGN (0x4)
                0x20001078                        PROVIDE (__mutex_array_start = .)
 *(SORT_BY_NAME(.mutex_array.*))
 *(.mutex_array)
 .mutex_array   0x20001078        0x8 CMakeFiles/vibestick_rp2040.dir/C_/Users/ROG/pico-sdk/src/rp2_common/pico_stdio/stdio.c.obj
                0x20001080                        PROVIDE (__mutex_array_end = .)
                0x20001080                        . = ALIGN (0x4)
 *(.jcr)
                0x20001080                        . = ALIGN (0x4)

.tm_clone_table
                0x20001080        0x0 load address 0x1000544c
 .tm_clone_table
                0x20001080        0x0 C:/PROGRA~2/ARMGNU~1/14EFD8~1.2RE/bin/../lib/gcc/arm-none-eabi/14.2.1/thumb/v6-m/nofp/crtbegin.o
 .tm_clone_table
                0x20001080        0x0 C:/PROGRA~2/ARMGNU~1/14EFD8~1.2RE/bin/../lib/gcc/arm-none-eabi/14.2.1/thumb/v6-m/nofp/crtend.o

.igot.plt       0x20001080        0x0 load address 0x1000544c
 .igot.plt      0x20001080        0x0 C:/PROGRA~2/ARMGNU~1/14EFD8~1.2RE/bin/../lib/gcc/arm-none-eabi/14.2.1/thumb/v6-m/nofp/crtbegin.o

.tdata          0x20001080        0x0 load address 0x1000544c
                0x20001080                        . = ALIGN (0x4)
 *(.tdata .tdata.* .gnu.linkonce.td.*)
                0x20001080                        __tdata_end = .
                0x20001080                        PROVIDE (__data_end__ = .)
                0x1000448c                        __etext = LOADADDR (.data)

.tbss           0x20001080        0x0 load address 0x1000544c
                0x20001080                        . = ALIGN (0x4)
                0x20001080                        __bss_start__ = .
                0x20001080                        __tls_base = .
 *(.tbss .tbss.* .gnu.linkonce.tb.*)
 *(.tcommon)
                0x20001080                        __tls_end = .

.bss            0x20001080      0xd70 load address 0x1000544c
                0x20001080                        . = ALIGN (0x4)
                0x20001080                        __tbss_end = .
 *(SORT_BY_ALIGNMENT(SORT_BY_NAME(.bss*)))
 .bss.default_alarm_pool_entries
                0x20001080      0x180 CMakeFiles/vibestick_rp2040.dir/C_/Users/ROG/pico-sdk/src/common/pico_time/time.c.obj
 .bss.sd_table  0x20001200      0x100 CMakeFiles/vibestick_rp2040.dir/C_/Users/ROG/pico-sdk/src/rp2_common/pico_double/double_init_rom_rp2040.c.obj
                0x20001200                sd_table
 .bss.sf_table  0x20001300      0x100 CMakeFiles/vibestick_rp2040.dir/C_/Users/ROG/pico-sdk/src/rp2_common/pico_float/float_init_rom_rp2040.c.obj
                0x20001300                sf_table
 .bss._app_driver
                0x20001400        0x4 CMakeFiles/vibestick_rp2040.dir/C_/Users/ROG/pico-sdk/lib/tinyusb/src/device/usbd.c.obj
 .bss._cdcd_epbuf
                0x20001404       0x80 CMakeFiles/vibestick_rp2040.dir/C_/Users/ROG/pico-sdk/lib/tinyusb/src/class/cdc/cdc_device.c.obj
 .bss._cdcd_fifo_cfg
                0x20001484        0x1 CMakeFiles/vibestick_rp2040.dir/C_/Users/ROG/pico-sdk/lib/tinyusb/src/class/cdc/cdc_device.c.obj
 *fill*         0x20001485        0x3 
 .bss._cdcd_itf
                0x20001488       0xc8 CMakeFiles/vibestick_rp2040.dir/C_/Users/ROG/pico-sdk/lib/tinyusb/src/class/cdc/cdc_device.c.obj
 .bss._ctrl_epbuf
                0x20001550       0x40 CMakeFiles/vibestick_rp2040.dir/C_/Users/ROG/pico-sdk/lib/tinyusb/src/device/usbd_control.c.obj
 .bss._ctrl_xfer
                0x20001590       0x14 CMakeFiles/vibestick_rp2040.dir/C_/Users/ROG/pico-sdk/lib/tinyusb/src/device/usbd_control.c.obj
 .bss._desc_str
                0x200015a4       0x40 CMakeFiles/vibestick_rp2040.dir/src/usb_descriptors.c.obj
 .bss._tusb_rhport_role
                0x200015e4        0x2 CMakeFiles/vibestick_rp2040.dir/C_/Users/ROG/pico-sdk/lib/tinyusb/src/tusb.c.obj
                0x200015e4                _tusb_rhport_role
 *fill*         0x200015e6        0x2 
 .bss._ubsd_mutexdef
                0x200015e8        0x8 CMakeFiles/vibestick_rp2040.dir/C_/Users/ROG/pico-sdk/lib/tinyusb/src/device/usbd.c.obj
 .bss._usbd_dev
                0x200015f0       0x54 CMakeFiles/vibestick_rp2040.dir/C_/Users/ROG/pico-sdk/lib/tinyusb/src/device/usbd.c.obj
 .bss._usbd_mutex
                0x20001644        0x4 CMakeFiles/vibestick_rp2040.dir/C_/Users/ROG/pico-sdk/lib/tinyusb/src/device/usbd.c.obj
 .bss._usbd_q   0x20001648        0x4 CMakeFiles/vibestick_rp2040.dir/C_/Users/ROG/pico-sdk/lib/tinyusb/src/device/usbd.c.obj
 .bss._usbd_qdef_buf
                0x2000164c       0xc0 CMakeFiles/vibestick_rp2040.dir/C_/Users/ROG/pico-sdk/lib/tinyusb/src/device/usbd.c.obj
                0x2000164c                _usbd_qdef_buf
 .bss._vendord_epbuf
                0x2000170c       0x80 CMakeFiles/vibestick_rp2040.dir/C_/Users/ROG/pico-sdk/lib/tinyusb/src/class/vendor/vendor_device.c.obj
 .bss._vendord_itf
                0x2000178c       0xcc CMakeFiles/vibestick_rp2040.dir/C_/Users/ROG/pico-sdk/lib/tinyusb/src/class/vendor/vendor_device.c.obj
 .bss.boot2_copyout
                0x20001858      0x100 CMakeFiles/vibestick_rp2040.dir/C_/Users/ROG/pico-sdk/src/rp2_common/hardware_flash/flash.c.obj
 .bss.chars_available_callback
                0x20001958        0x4 CMakeFiles/vibestick_rp2040.dir/C_/Users/ROG/pico-sdk/src/rp2_common/pico_stdio_uart/stdio_uart.c.obj
 .bss.chars_available_param
                0x2000195c        0x4 CMakeFiles/vibestick_rp2040.dir/C_/Users/ROG/pico-sdk/src/rp2_common/pico_stdio_uart/stdio_uart.c.obj
 .bss.claimed   0x20001960        0x4 CMakeFiles/vibestick_rp2040.dir/C_/Users/ROG/pico-sdk/src/rp2_common/hardware_sync/sync.c.obj
 .bss.claimed   0x20001964        0x1 CMakeFiles/vibestick_rp2040.dir/C_/Users/ROG/pico-sdk/src/rp2_common/hardware_timer/timer.c.obj
 *fill*         0x20001965        0x3 
 .bss.configured_freq
                0x20001968       0x28 CMakeFiles/vibestick_rp2040.dir/C_/Users/ROG/pico-sdk/src/rp2_common/hardware_clocks/clocks.c.obj
 .bss.drivers   0x20001990        0x4 CMakeFiles/vibestick_rp2040.dir/C_/Users/ROG/pico-sdk/src/rp2_common/pico_stdio/stdio.c.obj
 .bss.e15_last_sof
                0x20001994        0x4 CMakeFiles/vibestick_rp2040.dir/C_/Users/ROG/pico-sdk/lib/tinyusb/src/portable/raspberrypi/rp2040/rp2040_usb.c.obj
                0x20001994                e15_last_sof
 .bss.filter    0x20001998        0x4 CMakeFiles/vibestick_rp2040.dir/C_/Users/ROG/pico-sdk/src/rp2_common/pico_stdio/stdio.c.obj
 .bss.hw_endpoints
                0x2000199c      0x400 CMakeFiles/vibestick_rp2040.dir/C_/Users/ROG/pico-sdk/lib/tinyusb/src/portable/raspberrypi/rp2040/dcd_rp2040.c.obj
 .bss.lazy_vsnprintf
                0x20001d9c        0x4 CMakeFiles/vibestick_rp2040.dir/C_/Users/ROG/pico-sdk/src/rp2_common/pico_printf/printf.c.obj
 .bss.next_buffer_ptr
                0x20001da0        0x4 CMakeFiles/vibestick_rp2040.dir/C_/Users/ROG/pico-sdk/lib/tinyusb/src/portable/raspberrypi/rp2040/dcd_rp2040.c.obj
 .bss.object.0  0x20001da4       0x18 C:/PROGRA~2/ARMGNU~1/14EFD8~1.2RE/bin/../lib/gcc/arm-none-eabi/14.2.1/thumb/v6-m/nofp/crtbegin.o
 .bss.pools     0x20001dbc       0x10 CMakeFiles/vibestick_rp2040.dir/C_/Users/ROG/pico-sdk/src/common/pico_time/time.c.obj
 .bss.retrieved_id
                0x20001dcc        0x8 CMakeFiles/vibestick_rp2040.dir/C_/Users/ROG/pico-sdk/src/rp2_common/pico_unique_id/unique_id.c.obj
 .bss.sf_clz_func
                0x20001dd4        0x4 CMakeFiles/vibestick_rp2040.dir/C_/Users/ROG/pico-sdk/src/rp2_common/pico_double/double_init_rom_rp2040.c.obj
                0x20001dd4                sf_clz_func
 .bss.sleep_notifier
                0x20001dd8        0x4 CMakeFiles/vibestick_rp2040.dir/C_/Users/ROG/pico-sdk/src/common/pico_time/time.c.obj
 .bss.uart_char_to_line_feed
                0x20001ddc        0x4 CMakeFiles/vibestick_rp2040.dir/C_/Users/ROG/pico-sdk/src/rp2_common/hardware_uart/uart.c.obj
                0x20001ddc                uart_char_to_line_feed
 .bss.uart_inst
                0x20001de0        0x4 CMakeFiles/vibestick_rp2040.dir/C_/Users/ROG/pico-sdk/lib/tinyusb/hw/bsp/rp2040/family.c.obj
 .bss.uart_instance
                0x20001de4        0x4 CMakeFiles/vibestick_rp2040.dir/C_/Users/ROG/pico-sdk/src/rp2_common/pico_stdio_uart/stdio_uart.c.obj
 .bss._app_driver_count
                0x20001de8        0x1 CMakeFiles/vibestick_rp2040.dir/C_/Users/ROG/pico-sdk/lib/tinyusb/src/device/usbd.c.obj
 .bss._sof_enable
                0x20001de9        0x1 CMakeFiles/vibestick_rp2040.dir/C_/Users/ROG/pico-sdk/lib/tinyusb/src/portable/raspberrypi/rp2040/dcd_rp2040.c.obj
 .bss._usbd_queued_setup
                0x20001dea        0x1 CMakeFiles/vibestick_rp2040.dir/C_/Users/ROG/pico-sdk/lib/tinyusb/src/device/usbd.c.obj
 .bss.boot2_copyout_valid
                0x20001deb        0x1 CMakeFiles/vibestick_rp2040.dir/C_/Users/ROG/pico-sdk/src/rp2_common/hardware_flash/flash.c.obj
 .bss.irq_handler_chain_free_slot_head
                0x20001dec        0x1 CMakeFiles/vibestick_rp2040.dir/C_/Users/ROG/pico-sdk/src/rp2_common/hardware_irq/irq.c.obj
 *(COMMON)
                0x20001df0                        . = ALIGN (0x4)
 *fill*         0x20001ded        0x3 
                0x20001df0                        __bss_end__ = .

.heap           0x20001df0      0x800 load address 0x1000544c
                0x20001df0                        __end__ = .
                0x20001df0                        end = __end__
 *(.heap*)
 .heap          0x20001df0      0x800 CMakeFiles/vibestick_rp2040.dir/C_/Users/ROG/pico-sdk/src/rp2_common/pico_crt0/crt0.S.obj
                0x20040000                        __HeapLimit = (ORIGIN (RAM) + LENGTH (RAM))

.scratch_x      0x20040000        0x0 load address 0x1000544c
                0x20040000                        __scratch_x_start__ = .
 *(.scratch_x.*)
                0x20040000                        . = ALIGN (0x4)
                0x20040000                        __scratch_x_end__ = .
                0x1000544c                        __scratch_x_source__ = LOADADDR (.scratch_x)

.scratch_y      0x20041000        0x0 load address 0x1000544c
                0x20041000                        __scratch_y_start__ = .
 *(.scratch_y.*)
                0x20041000                        . = ALIGN (0x4)
                0x20041000                        __scratch_y_end__ = .
                0x1000544c                        __scratch_y_source__ = LOADADDR (.scratch_y)

.stack1_dummy
 *(.stack1*)

.stack_dummy    0x20041000      0x800
 *(.stack*)
 .stack         0x20041000      0x800 CMakeFiles/vibestick_rp2040.dir/C_/Users/ROG/pico-sdk/src/rp2_common/pico_crt0/crt0.S.obj

.rel.dyn        0x20041800        0x0
 .rel.iplt      0x20041800        0x0 C:/PROGRA~2/ARMGNU~1/14EFD8~1.2RE/bin/../lib/gcc/arm-none-eabi/14.2.1/thumb/v6-m/nofp/crtbegin.o

.flash_end      0x1000544c        0x0
 *(.embedded_end_block*)
                0x1000544c                        PROVIDE (__flash_binary_end = .)
                0x20040000                        __StackLimit = (ORIGIN (RAM) + LENGTH (RAM))
                0x20041000                        __StackOneTop = (ORIGIN (SCRATCH_X) + LENGTH (SCRATCH_X))
                0x20042000                        __StackTop = (ORIGIN (SCRATCH_Y) + LENGTH (SCRATCH_Y))
                0x20041000                        __StackOneBottom = (__StackOneTop - SIZEOF (.stack1_dummy))
                0x20041800                        __StackBottom = (__StackTop - SIZEOF (.stack_dummy))
                0x20042000                        PROVIDE (__stack = __StackTop)
                [!provide]                        PROVIDE (__heap_start = __end__)
                [!provide]                        PROVIDE (__heap_end = __HeapLimit)
                [!provide]                        PROVIDE (__tls_align = MAX (ALIGNOF (.tdata), ALIGNOF (.tbss)))
                [!provide]                        PROVIDE (__tls_size_align = (((__tls_size + __tls_align) - 0x1) & ~ ((__tls_align - 0x1))))
                [!provide]                        PROVIDE (__arm32_tls_tcb_offset = MAX (0x8, __tls_align))
                [!provide]                        PROVIDE (_end = __end__)
                [!provide]                        PROVIDE (__llvm_libc_heap_limit = __HeapLimit)
                0x00000001                        ASSERT ((__StackLimit >= __HeapLimit), region RAM overflowed)
                0x00000001                        ASSERT (((__binary_info_header_end - __logical_binary_start) <= 0x100), Binary info must be in first 256 bytes of the binary)
LOAD CMakeFiles/vibestick_rp2040.dir/src/main.c.obj
LOAD CMakeFiles/vibestick_rp2040.dir/src/usb_descriptors.c.obj
LOAD CMakeFiles/vibestick_rp2040.dir/C_/Users/ROG/pico-sdk/src/rp2_common/pico_stdlib/stdlib.c.obj
LOAD CMakeFiles/vibestick_rp2040.dir/C_/Users/ROG/pico-sdk/src/rp2_common/hardware_gpio/gpio.c.obj
LOAD CMakeFiles/vibestick_rp2040.dir/C_/Users/ROG/pico-sdk/src/rp2040/pico_platform/platform.c.obj
LOAD CMakeFiles/vibestick_rp2040.dir/C_/Users/ROG/pico-sdk/src/rp2_common/pico_platform_common/common.c.obj
LOAD CMakeFiles/vibestick_rp2040.dir/C_/Users/ROG/pico-sdk/src/rp2_common/pico_platform_panic/panic.c.obj
LOAD CMakeFiles/vibestick_rp2040.dir/C_/Users/ROG/pico-sdk/src/common/hardware_claim/claim.c.obj
LOAD CMakeFiles/vibestick_rp2040.dir/C_/Users/ROG/pico-sdk/src/rp2_common/hardware_sync/sync.c.obj
LOAD CMakeFiles/vibestick_rp2040.dir/C_/Users/ROG/pico-sdk/src/rp2_common/hardware_sync_spin_lock/sync_spin_lock.c.obj
LOAD CMakeFiles/vibestick_rp2040.dir/C_/Users/ROG/pico-sdk/src/rp2_common/hardware_irq/irq.c.obj
LOAD CMakeFiles/vibestick_rp2040.dir/C_/Users/ROG/pico-sdk/src/rp2_common/hardware_irq/irq_handler_chain.S.obj
LOAD CMakeFiles/vibestick_rp2040.dir/C_/Users/ROG/pico-sdk/src/common/pico_sync/sem.c.obj
LOAD CMakeFiles/vibestick_rp2040.dir/C_/Users/ROG/pico-sdk/src/common/pico_sync/lock_core.c.obj
LOAD CMakeFiles/vibestick_rp2040.dir/C_/Users/ROG/pico-sdk/src/common/pico_sync/mutex.c.obj
LOAD CMakeFiles/vibestick_rp2040.dir/C_/Users/ROG/pico-sdk/src/common/pico_sync/critical_section.c.obj
LOAD CMakeFiles/vibestick_rp2040.dir/C_/Users/ROG/pico-sdk/src/common/pico_time/time.c.obj
LOAD CMakeFiles/vibestick_rp2040.dir/C_/Users/ROG/pico-sdk/src/common/pico_time/timeout_helper.c.obj
LOAD CMakeFiles/vibestick_rp2040.dir/C_/Users/ROG/pico-sdk/src/rp2_common/hardware_timer/timer.c.obj
LOAD CMakeFiles/vibestick_rp2040.dir/C_/Users/ROG/pico-sdk/src/common/pico_util/datetime.c.obj
LOAD CMakeFiles/vibestick_rp2040.dir/C_/Users/ROG/pico-sdk/src/common/pico_util/pheap.c.obj
LOAD CMakeFiles/vibestick_rp2040.dir/C_/Users/ROG/pico-sdk/src/common/pico_util/queue.c.obj
LOAD CMakeFiles/vibestick_rp2040.dir/C_/Users/ROG/pico-sdk/src/rp2_common/hardware_uart/uart.c.obj
LOAD CMakeFiles/vibestick_rp2040.dir/C_/Users/ROG/pico-sdk/src/rp2_common/hardware_clocks/clocks.c.obj
LOAD CMakeFiles/vibestick_rp2040.dir/C_/Users/ROG/pico-sdk/src/rp2_common/hardware_pll/pll.c.obj
LOAD CMakeFiles/vibestick_rp2040.dir/C_/Users/ROG/pico-sdk/src/rp2_common/hardware_vreg/vreg.c.obj
LOAD CMakeFiles/vibestick_rp2040.dir/C_/Users/ROG/pico-sdk/src/rp2_common/hardware_watchdog/watchdog.c.obj
LOAD CMakeFiles/vibestick_rp2040.dir/C_/Users/ROG/pico-sdk/src/rp2_common/hardware_ticks/ticks.c.obj
LOAD CMakeFiles/vibestick_rp2040.dir/C_/Users/ROG/pico-sdk/src/rp2_common/pico_bootrom/bootrom.c.obj
LOAD CMakeFiles/vibestick_rp2040.dir/C_/Users/ROG/pico-sdk/src/rp2_common/pico_bootrom/bootrom_lock.c.obj
LOAD CMakeFiles/vibestick_rp2040.dir/C_/Users/ROG/pico-sdk/src/rp2_common/hardware_boot_lock/boot_lock.c.obj
LOAD CMakeFiles/vibestick_rp2040.dir/C_/Users/ROG/pico-sdk/src/rp2_common/pico_flash/flash.c.obj
LOAD CMakeFiles/vibestick_rp2040.dir/C_/Users/ROG/pico-sdk/src/rp2_common/hardware_xosc/xosc.c.obj
LOAD CMakeFiles/vibestick_rp2040.dir/C_/Users/ROG/pico-sdk/src/rp2_common/hardware_divider/divider.S.obj
LOAD CMakeFiles/vibestick_rp2040.dir/C_/Users/ROG/pico-sdk/src/rp2_common/pico_runtime/runtime.c.obj
LOAD CMakeFiles/vibestick_rp2040.dir/C_/Users/ROG/pico-sdk/src/rp2_common/pico_runtime_init/runtime_init.c.obj
LOAD CMakeFiles/vibestick_rp2040.dir/C_/Users/ROG/pico-sdk/src/rp2_common/pico_runtime_init/runtime_init_clocks.c.obj
LOAD CMakeFiles/vibestick_rp2040.dir/C_/Users/ROG/pico-sdk/src/rp2_common/pico_runtime_init/runtime_init_stack_guard.c.obj
LOAD CMakeFiles/vibestick_rp2040.dir/C_/Users/ROG/pico-sdk/src/rp2_common/pico_bit_ops/bit_ops_aeabi.S.obj
LOAD CMakeFiles/vibestick_rp2040.dir/C_/Users/ROG/pico-sdk/src/rp2_common/pico_divider/divider_hardware.S.obj
LOAD CMakeFiles/vibestick_rp2040.dir/C_/Users/ROG/pico-sdk/src/rp2_common/pico_double/double_aeabi_rp2040.S.obj
LOAD CMakeFiles/vibestick_rp2040.dir/C_/Users/ROG/pico-sdk/src/rp2_common/pico_double/double_init_rom_rp2040.c.obj
LOAD CMakeFiles/vibestick_rp2040.dir/C_/Users/ROG/pico-sdk/src/rp2_common/pico_double/double_math.c.obj
LOAD CMakeFiles/vibestick_rp2040.dir/C_/Users/ROG/pico-sdk/src/rp2_common/pico_double/double_v1_rom_shim_rp2040.S.obj
LOAD CMakeFiles/vibestick_rp2040.dir/C_/Users/ROG/pico-sdk/src/rp2_common/pico_int64_ops/pico_int64_ops_aeabi.S.obj
LOAD CMakeFiles/vibestick_rp2040.dir/C_/Users/ROG/pico-sdk/src/rp2_common/pico_float/float_aeabi_rp2040.S.obj
LOAD CMakeFiles/vibestick_rp2040.dir/C_/Users/ROG/pico-sdk/src/rp2_common/pico_float/float_init_rom_rp2040.c.obj
LOAD CMakeFiles/vibestick_rp2040.dir/C_/Users/ROG/pico-sdk/src/rp2_common/pico_float/float_math.c.obj
LOAD CMakeFiles/vibestick_rp2040.dir/C_/Users/ROG/pico-sdk/src/rp2_common/pico_float/float_v1_rom_shim_rp2040.S.obj
LOAD CMakeFiles/vibestick_rp2040.dir/C_/Users/ROG/pico-sdk/src/rp2_common/pico_malloc/malloc.c.obj
LOAD CMakeFiles/vibestick_rp2040.dir/C_/Users/ROG/pico-sdk/src/rp2_common/pico_mem_ops/mem_ops_aeabi.S.obj
LOAD CMakeFiles/vibestick_rp2040.dir/C_/Users/ROG/pico-sdk/src/rp2_common/pico_atomic/atomic.c.obj
LOAD CMakeFiles/vibestick_rp2040.dir/C_/Users/ROG/pico-sdk/src/rp2_common/pico_cxx_options/new_delete.cpp.obj
LOAD CMakeFiles/vibestick_rp2040.dir/C_/Users/ROG/pico-sdk/src/rp2_common/pico_standard_binary_info/standard_binary_info.c.obj
LOAD CMakeFiles/vibestick_rp2040.dir/C_/Users/ROG/pico-sdk/src/rp2_common/pico_printf/printf.c.obj
LOAD CMakeFiles/vibestick_rp2040.dir/C_/Users/ROG/pico-sdk/src/rp2_common/pico_crt0/crt0.S.obj
LOAD CMakeFiles/vibestick_rp2040.dir/C_/Users/ROG/pico-sdk/src/rp2_common/pico_clib_interface/newlib_interface.c.obj
LOAD CMakeFiles/vibestick_rp2040.dir/C_/Users/ROG/pico-sdk/src/rp2_common/pico_stdio/stdio.c.obj
LOAD CMakeFiles/vibestick_rp2040.dir/C_/Users/ROG/pico-sdk/src/rp2_common/pico_stdio_uart/stdio_uart.c.obj
LOAD CMakeFiles/vibestick_rp2040.dir/C_/Users/ROG/pico-sdk/lib/tinyusb/src/portable/raspberrypi/rp2040/dcd_rp2040.c.obj
LOAD CMakeFiles/vibestick_rp2040.dir/C_/Users/ROG/pico-sdk/lib/tinyusb/src/portable/raspberrypi/rp2040/rp2040_usb.c.obj
LOAD CMakeFiles/vibestick_rp2040.dir/C_/Users/ROG/pico-sdk/lib/tinyusb/src/device/usbd.c.obj
LOAD CMakeFiles/vibestick_rp2040.dir/C_/Users/ROG/pico-sdk/lib/tinyusb/src/device/usbd_control.c.obj
LOAD CMakeFiles/vibestick_rp2040.dir/C_/Users/ROG/pico-sdk/lib/tinyusb/src/class/audio/audio_device.c.obj
LOAD CMakeFiles/vibestick_rp2040.dir/C_/Users/ROG/pico-sdk/lib/tinyusb/src/class/cdc/cdc_device.c.obj
LOAD CMakeFiles/vibestick_rp2040.dir/C_/Users/ROG/pico-sdk/lib/tinyusb/src/class/dfu/dfu_device.c.obj
LOAD CMakeFiles/vibestick_rp2040.dir/C_/Users/ROG/pico-sdk/lib/tinyusb/src/class/dfu/dfu_rt_device.c.obj
LOAD CMakeFiles/vibestick_rp2040.dir/C_/Users/ROG/pico-sdk/lib/tinyusb/src/class/hid/hid_device.c.obj
LOAD CMakeFiles/vibestick_rp2040.dir/C_/Users/ROG/pico-sdk/lib/tinyusb/src/class/midi/midi_device.c.obj
LOAD CMakeFiles/vibestick_rp2040.dir/C_/Users/ROG/pico-sdk/lib/tinyusb/src/class/msc/msc_device.c.obj
LOAD CMakeFiles/vibestick_rp2040.dir/C_/Users/ROG/pico-sdk/lib/tinyusb/src/class/net/ecm_rndis_device.c.obj
LOAD CMakeFiles/vibestick_rp2040.dir/C_/Users/ROG/pico-sdk/lib/tinyusb/src/class/net/ncm_device.c.obj
LOAD CMakeFiles/vibestick_rp2040.dir/C_/Users/ROG/pico-sdk/lib/tinyusb/src/class/usbtmc/usbtmc_device.c.obj
LOAD CMakeFiles/vibestick_rp2040.dir/C_/Users/ROG/pico-sdk/lib/tinyusb/src/class/vendor/vendor_device.c.obj
LOAD CMakeFiles/vibestick_rp2040.dir/C_/Users/ROG/pico-sdk/lib/tinyusb/src/class/video/video_device.c.obj
LOAD CMakeFiles/vibestick_rp2040.dir/C_/Users/ROG/pico-sdk/lib/tinyusb/src/tusb.c.obj
LOAD CMakeFiles/vibestick_rp2040.dir/C_/Users/ROG/pico-sdk/lib/tinyusb/src/common/tusb_fifo.c.obj
LOAD CMakeFiles/vibestick_rp2040.dir/C_/Users/ROG/pico-sdk/src/rp2_common/pico_fix/rp2040_usb_device_enumeration/rp2040_usb_device_enumeration.c.obj
LOAD CMakeFiles/vibestick_rp2040.dir/C_/Users/ROG/pico-sdk/lib/tinyusb/hw/bsp/rp2040/family.c.obj
LOAD CMakeFiles/vibestick_rp2040.dir/C_/Users/ROG/pico-sdk/src/rp2_common/pico_unique_id/unique_id.c.obj
LOAD CMakeFiles/vibestick_rp2040.dir/C_/Users/ROG/pico-sdk/src/rp2_common/hardware_flash/flash.c.obj
LOAD CMakeFiles/vibestick_rp2040.dir/C_/Users/ROG/pico-sdk/src/rp2_common/hardware_xip_cache/xip_cache.c.obj
LOAD pico-sdk/src/rp2040/boot_stage2/CMakeFiles/bs2_default_library.dir/./bs2_default_padded_checksummed.S.obj
LOAD C:/PROGRA~2/ARMGNU~1/14EFD8~1.2RE/bin/../lib/gcc/arm-none-eabi/14.2.1/thumb/v6-m/nofp\libstdc++.a
LOAD C:/PROGRA~2/ARMGNU~1/14EFD8~1.2RE/bin/../lib/gcc/arm-none-eabi/14.2.1/thumb/v6-m/nofp\libm.a
START GROUP
LOAD C:/PROGRA~2/ARMGNU~1/14EFD8~1.2RE/bin/../lib/gcc/arm-none-eabi/14.2.1/thumb/v6-m/nofp\libgcc.a
LOAD C:/PROGRA~2/ARMGNU~1/14EFD8~1.2RE/bin/../lib/gcc/arm-none-eabi/14.2.1/thumb/v6-m/nofp\libg.a
LOAD C:/PROGRA~2/ARMGNU~1/14EFD8~1.2RE/bin/../lib/gcc/arm-none-eabi/14.2.1/thumb/v6-m/nofp\libc.a
END GROUP
START GROUP
LOAD C:/PROGRA~2/ARMGNU~1/14EFD8~1.2RE/bin/../lib/gcc/arm-none-eabi/14.2.1/thumb/v6-m/nofp\libgcc.a
LOAD C:/PROGRA~2/ARMGNU~1/14EFD8~1.2RE/bin/../lib/gcc/arm-none-eabi/14.2.1/thumb/v6-m/nofp\libc.a
LOAD C:/PROGRA~2/ARMGNU~1/14EFD8~1.2RE/bin/../lib/gcc/arm-none-eabi/14.2.1/thumb/v6-m/nofp\libnosys.a
END GROUP
LOAD C:/PROGRA~2/ARMGNU~1/14EFD8~1.2RE/bin/../lib/gcc/arm-none-eabi/14.2.1/thumb/v6-m/nofp/crtend.o
LOAD C:/PROGRA~2/ARMGNU~1/14EFD8~1.2RE/bin/../lib/gcc/arm-none-eabi/14.2.1/thumb/v6-m/nofp/crtn.o
OUTPUT(vibestick_rp2040.elf elf32-littlearm)
LOAD linker stubs

.ARM.attributes
                0x00000000       0x28
 .ARM.attributes
                0x00000000       0x1e C:/PROGRA~2/ARMGNU~1/14EFD8~1.2RE/bin/../lib/gcc/arm-none-eabi/14.2.1/thumb/v6-m/nofp/crti.o
 .ARM.attributes
                0x0000001e       0x2c C:/PROGRA~2/ARMGNU~1/14EFD8~1.2RE/bin/../lib/gcc/arm-none-eabi/14.2.1/thumb/v6-m/nofp/crtbegin.o
 .ARM.attributes
                0x0000004a       0x2c CMakeFiles/vibestick_rp2040.dir/src/main.c.obj
 .ARM.attributes
                0x00000076       0x2c CMakeFiles/vibestick_rp2040.dir/src/usb_descriptors.c.obj
 .ARM.attributes
                0x000000a2       0x2c CMakeFiles/vibestick_rp2040.dir/C_/Users/ROG/pico-sdk/src/rp2_common/hardware_gpio/gpio.c.obj
 .ARM.attributes
                0x000000ce       0x2c CMakeFiles/vibestick_rp2040.dir/C_/Users/ROG/pico-sdk/src/rp2040/pico_platform/platform.c.obj
 .ARM.attributes
                0x000000fa       0x2c CMakeFiles/vibestick_rp2040.dir/C_/Users/ROG/pico-sdk/src/rp2_common/pico_platform_panic/panic.c.obj
 .ARM.attributes
                0x00000126       0x2c CMakeFiles/vibestick_rp2040.dir/C_/Users/ROG/pico-sdk/src/common/hardware_claim/claim.c.obj
 .ARM.attributes
                0x00000152       0x2c CMakeFiles/vibestick_rp2040.dir/C_/Users/ROG/pico-sdk/src/rp2_common/hardware_sync/sync.c.obj
 .ARM.attributes
                0x0000017e       0x2c CMakeFiles/vibestick_rp2040.dir/C_/Users/ROG/pico-sdk/src/rp2_common/hardware_sync_spin_lock/sync_spin_lock.c.obj
 .ARM.attributes
                0x000001aa       0x2c CMakeFiles/vibestick_rp2040.dir/C_/Users/ROG/pico-sdk/src/rp2_common/hardware_irq/irq.c.obj
 .ARM.attributes
                0x000001d6       0x22 CMakeFiles/vibestick_rp2040.dir/C_/Users/ROG/pico-sdk/src/rp2_common/hardware_irq/irq_handler_chain.S.obj
 .ARM.attributes
                0x000001f8       0x2c CMakeFiles/vibestick_rp2040.dir/C_/Users/ROG/pico-sdk/src/common/pico_sync/lock_core.c.obj
 .ARM.attributes
                0x00000224       0x2c CMakeFiles/vibestick_rp2040.dir/C_/Users/ROG/pico-sdk/src/common/pico_sync/mutex.c.obj
 .ARM.attributes
                0x00000250       0x2c CMakeFiles/vibestick_rp2040.dir/C_/Users/ROG/pico-sdk/src/common/pico_sync/critical_section.c.obj
 .ARM.attributes
                0x0000027c       0x2c CMakeFiles/vibestick_rp2040.dir/C_/Users/ROG/pico-sdk/src/common/pico_time/time.c.obj
 .ARM.attributes
                0x000002a8       0x2c CMakeFiles/vibestick_rp2040.dir/C_/Users/ROG/pico-sdk/src/rp2_common/hardware_timer/timer.c.obj
 .ARM.attributes
                0x000002d4       0x2c CMakeFiles/vibestick_rp2040.dir/C_/Users/ROG/pico-sdk/src/rp2_common/hardware_uart/uart.c.obj
 .ARM.attributes
                0x00000300       0x2c CMakeFiles/vibestick_rp2040.dir/C_/Users/ROG/pico-sdk/src/rp2_common/hardware_clocks/clocks.c.obj
 .ARM.attributes
                0x0000032c       0x2c CMakeFiles/vibestick_rp2040.dir/C_/Users/ROG/pico-sdk/src/rp2_common/hardware_pll/pll.c.obj
 .ARM.attributes
                0x00000358       0x2c CMakeFiles/vibestick_rp2040.dir/C_/Users/ROG/pico-sdk/src/rp2_common/hardware_ticks/ticks.c.obj
 .ARM.attributes
                0x00000384       0x2c CMakeFiles/vibestick_rp2040.dir/C_/Users/ROG/pico-sdk/src/rp2_common/pico_bootrom/bootrom.c.obj
 .ARM.attributes
                0x000003b0       0x2c CMakeFiles/vibestick_rp2040.dir/C_/Users/ROG/pico-sdk/src/rp2_common/hardware_xosc/xosc.c.obj
 .ARM.attributes
                0x000003dc       0x2c CMakeFiles/vibestick_rp2040.dir/C_/Users/ROG/pico-sdk/src/rp2_common/pico_runtime/runtime.c.obj
 .ARM.attributes
                0x00000408       0x2c CMakeFiles/vibestick_rp2040.dir/C_/Users/ROG/pico-sdk/src/rp2_common/pico_runtime_init/runtime_init.c.obj
 .ARM.attributes
                0x00000434       0x2c CMakeFiles/vibestick_rp2040.dir/C_/Users/ROG/pico-sdk/src/rp2_common/pico_runtime_init/runtime_init_clocks.c.obj
 .ARM.attributes
                0x00000460       0x22 CMakeFiles/vibestick_rp2040.dir/C_/Users/ROG/pico-sdk/src/rp2_common/pico_bit_ops/bit_ops_aeabi.S.obj
 .ARM.attributes
                0x00000482       0x22 CMakeFiles/vibestick_rp2040.dir/C_/Users/ROG/pico-sdk/src/rp2_common/pico_divider/divider_hardware.S.obj
 .ARM.attributes
                0x000004a4       0x22 CMakeFiles/vibestick_rp2040.dir/C_/Users/ROG/pico-sdk/src/rp2_common/pico_double/double_aeabi_rp2040.S.obj
 .ARM.attributes
                0x000004c6       0x2c CMakeFiles/vibestick_rp2040.dir/C_/Users/ROG/pico-sdk/src/rp2_common/pico_double/double_init_rom_rp2040.c.obj
 .ARM.attributes
                0x000004f2       0x22 CMakeFiles/vibestick_rp2040.dir/C_/Users/ROG/pico-sdk/src/rp2_common/pico_double/double_v1_rom_shim_rp2040.S.obj
 .ARM.attributes
                0x00000514       0x22 CMakeFiles/vibestick_rp2040.dir/C_/Users/ROG/pico-sdk/src/rp2_common/pico_int64_ops/pico_int64_ops_aeabi.S.obj
 .ARM.attributes
                0x00000536       0x22 CMakeFiles/vibestick_rp2040.dir/C_/Users/ROG/pico-sdk/src/rp2_common/pico_float/float_aeabi_rp2040.S.obj
 .ARM.attributes
                0x00000558       0x2c CMakeFiles/vibestick_rp2040.dir/C_/Users/ROG/pico-sdk/src/rp2_common/pico_float/float_init_rom_rp2040.c.obj
 .ARM.attributes
                0x00000584       0x22 CMakeFiles/vibestick_rp2040.dir/C_/Users/ROG/pico-sdk/src/rp2_common/pico_float/float_v1_rom_shim_rp2040.S.obj
 .ARM.attributes
                0x000005a6       0x22 CMakeFiles/vibestick_rp2040.dir/C_/Users/ROG/pico-sdk/src/rp2_common/pico_mem_ops/mem_ops_aeabi.S.obj
 .ARM.attributes
                0x000005c8       0x2c CMakeFiles/vibestick_rp2040.dir/C_/Users/ROG/pico-sdk/src/rp2_common/pico_standard_binary_info/standard_binary_info.c.obj
 .ARM.attributes
                0x000005f4       0x2c CMakeFiles/vibestick_rp2040.dir/C_/Users/ROG/pico-sdk/src/rp2_common/pico_printf/printf.c.obj
 .ARM.attributes
                0x00000620       0x22 CMakeFiles/vibestick_rp2040.dir/C_/Users/ROG/pico-sdk/src/rp2_common/pico_crt0/crt0.S.obj
 .ARM.attributes
                0x00000642       0x2c CMakeFiles/vibestick_rp2040.dir/C_/Users/ROG/pico-sdk/src/rp2_common/pico_clib_interface/newlib_interface.c.obj
 .ARM.attributes
                0x0000066e       0x2c CMakeFiles/vibestick_rp2040.dir/C_/Users/ROG/pico-sdk/src/rp2_common/pico_stdio/stdio.c.obj
 .ARM.attributes
                0x0000069a       0x2c CMakeFiles/vibestick_rp2040.dir/C_/Users/ROG/pico-sdk/src/rp2_common/pico_stdio_uart/stdio_uart.c.obj
 .ARM.attributes
                0x000006c6       0x2c CMakeFiles/vibestick_rp2040.dir/C_/Users/ROG/pico-sdk/lib/tinyusb/src/portable/raspberrypi/rp2040/dcd_rp2040.c.obj
 .ARM.attributes
                0x000006f2       0x2c CMakeFiles/vibestick_rp2040.dir/C_/Users/ROG/pico-sdk/lib/tinyusb/src/portable/raspberrypi/rp2040/rp2040_usb.c.obj
 .ARM.attributes
                0x0000071e       0x2c CMakeFiles/vibestick_rp2040.dir/C_/Users/ROG/pico-sdk/lib/tinyusb/src/device/usbd.c.obj
 .ARM.attributes
                0x0000074a       0x2c CMakeFiles/vibestick_rp2040.dir/C_/Users/ROG/pico-sdk/lib/tinyusb/src/device/usbd_control.c.obj
 .ARM.attributes
                0x00000776       0x2c CMakeFiles/vibestick_rp2040.dir/C_/Users/ROG/pico-sdk/lib/tinyusb/src/class/cdc/cdc_device.c.obj
 .ARM.attributes
                0x000007a2       0x2c CMakeFiles/vibestick_rp2040.dir/C_/Users/ROG/pico-sdk/lib/tinyusb/src/class/vendor/vendor_device.c.obj
 .ARM.attributes
                0x000007ce       0x2c CMakeFiles/vibestick_rp2040.dir/C_/Users/ROG/pico-sdk/lib/tinyusb/src/tusb.c.obj
 .ARM.attributes
                0x000007fa       0x2c CMakeFiles/vibestick_rp2040.dir/C_/Users/ROG/pico-sdk/lib/tinyusb/src/common/tusb_fifo.c.obj
 .ARM.attributes
                0x00000826       0x2c CMakeFiles/vibestick_rp2040.dir/C_/Users/ROG/pico-sdk/lib/tinyusb/hw/bsp/rp2040/family.c.obj
 .ARM.attributes
                0x00000852       0x2c CMakeFiles/vibestick_rp2040.dir/C_/Users/ROG/pico-sdk/src/rp2_common/pico_unique_id/unique_id.c.obj
 .ARM.attributes
                0x0000087e       0x2c CMakeFiles/vibestick_rp2040.dir/C_/Users/ROG/pico-sdk/src/rp2_common/hardware_flash/flash.c.obj
 .ARM.attributes
                0x000008aa       0x22 pico-sdk/src/rp2040/boot_stage2/CMakeFiles/bs2_default_library.dir/./bs2_default_padded_checksummed.S.obj
 .ARM.attributes
                0x000008cc       0x1e C:/PROGRA~2/ARMGNU~1/14EFD8~1.2RE/bin/../lib/gcc/arm-none-eabi/14.2.1/thumb/v6-m/nofp\libgcc.a(_dvmd_tls.o)
 .ARM.attributes
                0x000008ea       0x2c C:/PROGRA~2/ARMGNU~1/14EFD8~1.2RE/bin/../lib/gcc/arm-none-eabi/14.2.1/thumb/v6-m/nofp\libg.a(libc_a-strlen-stub.o)
 .ARM.attributes
                0x00000916       0x2c C:/PROGRA~2/ARMGNU~1/14EFD8~1.2RE/bin/../lib/gcc/arm-none-eabi/14.2.1/thumb/v6-m/nofp/crtend.o

.comment        0x00000000       0x45
 .comment       0x00000000       0x45 CMakeFiles/vibestick_rp2040.dir/src/main.c.obj
                                 0x46 (size before relaxing)
 .comment       0x00000045       0x46 CMakeFiles/vibestick_rp2040.dir/src/usb_descriptors.c.obj
 .comment       0x00000045       0x46 CMakeFiles/vibestick_rp2040.dir/C_/Users/ROG/pico-sdk/src/rp2_common/hardware_gpio/gpio.c.obj
 .comment       0x00000045       0x46 CMakeFiles/vibestick_rp2040.dir/C_/Users/ROG/pico-sdk/src/rp2040/pico_platform/platform.c.obj
 .comment       0x00000045       0x46 CMakeFiles/vibestick_rp2040.dir/C_/Users/ROG/pico-sdk/src/rp2_common/pico_platform_panic/panic.c.obj
 .comment       0x00000045       0x46 CMakeFiles/vibestick_rp2040.dir/C_/Users/ROG/pico-sdk/src/common/hardware_claim/claim.c.obj
 .comment       0x00000045       0x46 CMakeFiles/vibestick_rp2040.dir/C_/Users/ROG/pico-sdk/src/rp2_common/hardware_sync/sync.c.obj
 .comment       0x00000045       0x46 CMakeFiles/vibestick_rp2040.dir/C_/Users/ROG/pico-sdk/src/rp2_common/hardware_sync_spin_lock/sync_spin_lock.c.obj
 .comment       0x00000045       0x46 CMakeFiles/vibestick_rp2040.dir/C_/Users/ROG/pico-sdk/src/rp2_common/hardware_irq/irq.c.obj
 .comment       0x00000045       0x46 CMakeFiles/vibestick_rp2040.dir/C_/Users/ROG/pico-sdk/src/common/pico_sync/lock_core.c.obj
 .comment       0x00000045       0x46 CMakeFiles/vibestick_rp2040.dir/C_/Users/ROG/pico-sdk/src/common/pico_sync/mutex.c.obj
 .comment       0x00000045       0x46 CMakeFiles/vibestick_rp2040.dir/C_/Users/ROG/pico-sdk/src/common/pico_sync/critical_section.c.obj
 .comment       0x00000045       0x46 CMakeFiles/vibestick_rp2040.dir/C_/Users/ROG/pico-sdk/src/common/pico_time/time.c.obj
 .comment       0x00000045       0x46 CMakeFiles/vibestick_rp2040.dir/C_/Users/ROG/pico-sdk/src/rp2_common/hardware_timer/timer.c.obj
 .comment       0x00000045       0x46 CMakeFiles/vibestick_rp2040.dir/C_/Users/ROG/pico-sdk/src/rp2_common/hardware_uart/uart.c.obj
 .comment       0x00000045       0x46 CMakeFiles/vibestick_rp2040.dir/C_/Users/ROG/pico-sdk/src/rp2_common/hardware_clocks/clocks.c.obj
 .comment       0x00000045       0x46 CMakeFiles/vibestick_rp2040.dir/C_/Users/ROG/pico-sdk/src/rp2_common/hardware_pll/pll.c.obj
 .comment       0x00000045       0x46 CMakeFiles/vibestick_rp2040.dir/C_/Users/ROG/pico-sdk/src/rp2_common/hardware_ticks/ticks.c.obj
 .comment       0x00000045       0x46 CMakeFiles/vibestick_rp2040.dir/C_/Users/ROG/pico-sdk/src/rp2_common/pico_bootrom/bootrom.c.obj
 .comment       0x00000045       0x46 CMakeFiles/vibestick_rp2040.dir/C_/Users/ROG/pico-sdk/src/rp2_common/hardware_xosc/xosc.c.obj
 .comment       0x00000045       0x46 CMakeFiles/vibestick_rp2040.dir/C_/Users/ROG/pico-sdk/src/rp2_common/pico_runtime/runtime.c.obj
 .comment       0x00000045       0x46 CMakeFiles/vibestick_rp2040.dir/C_/Users/ROG/pico-sdk/src/rp2_common/pico_runtime_init/runtime_init.c.obj
 .comment       0x00000045       0x46 CMakeFiles/vibestick_rp2040.dir/C_/Users/ROG/pico-sdk/src/rp2_common/pico_runtime_init/runtime_init_clocks.c.obj
 .comment       0x00000045       0x46 CMakeFiles/vibestick_rp2040.dir/C_/Users/ROG/pico-sdk/src/rp2_common/pico_double/double_init_rom_rp2040.c.obj
 .comment       0x00000045       0x46 CMakeFiles/vibestick_rp2040.dir/C_/Users/ROG/pico-sdk/src/rp2_common/pico_float/float_init_rom_rp2040.c.obj
 .comment       0x00000045       0x46 CMakeFiles/vibestick_rp2040.dir/C_/Users/ROG/pico-sdk/src/rp2_common/pico_standard_binary_info/standard_binary_info.c.obj
 .comment       0x00000045       0x46 CMakeFiles/vibestick_rp2040.dir/C_/Users/ROG/pico-sdk/src/rp2_common/pico_printf/printf.c.obj
 .comment       0x00000045       0x46 CMakeFiles/vibestick_rp2040.dir/C_/Users/ROG/pico-sdk/src/rp2_common/pico_clib_interface/newlib_interface.c.obj
 .comment       0x00000045       0x46 CMakeFiles/vibestick_rp2040.dir/C_/Users/ROG/pico-sdk/src/rp2_common/pico_stdio/stdio.c.obj
 .comment       0x00000045       0x46 CMakeFiles/vibestick_rp2040.dir/C_/Users/ROG/pico-sdk/src/rp2_common/pico_stdio_uart/stdio_uart.c.obj
 .comment       0x00000045       0x46 CMakeFiles/vibestick_rp2040.dir/C_/Users/ROG/pico-sdk/lib/tinyusb/src/portable/raspberrypi/rp2040/dcd_rp2040.c.obj
 .comment       0x00000045       0x46 CMakeFiles/vibestick_rp2040.dir/C_/Users/ROG/pico-sdk/lib/tinyusb/src/portable/raspberrypi/rp2040/rp2040_usb.c.obj
 .comment       0x00000045       0x46 CMakeFiles/vibestick_rp2040.dir/C_/Users/ROG/pico-sdk/lib/tinyusb/src/device/usbd.c.obj